Archive member included to satisfy reference by file (symbol)

C:/NXP/S32DS_Power_v2.1/S32DS/build_tools/e200_ewl2/lib/e200z4/fp\libc99.a(snprintf.o)
                              ./Sources/drivers/can.o (snprintf)
C:/NXP/S32DS_Power_v2.1/S32DS/build_tools/e200_ewl2/lib/e200z4/fp\libc99.a(vsnprintf.o)
                              C:/NXP/S32DS_Power_v2.1/S32DS/build_tools/e200_ewl2/lib/e200z4/fp\libc99.a(snprintf.o) (vsnprintf)
C:/NXP/S32DS_Power_v2.1/S32DS/build_tools/e200_ewl2/lib/e200z4/fp\libc99.a(memcpy.o)
                              ./SDK/rtos/FreeRTOS_PA/Source/queue.o (memcpy)
C:/NXP/S32DS_Power_v2.1/S32DS/build_tools/e200_ewl2/lib/e200z4/fp\libc99.a(memset.o)
                              ./SDK/rtos/FreeRTOS_PA/Source/stream_buffer.o (memset)
C:/NXP/S32DS_Power_v2.1/S32DS/build_tools/e200_ewl2/lib/e200z4/fp\libc99.a(strlen.o)
                              ./SDK/rtos/FreeRTOS_PA/Source/tasks.o (strlen)
C:/NXP/S32DS_Power_v2.1/S32DS/build_tools/e200_ewl2/lib/e200z4/fp\libc99.a(fgetwc.o)
                              C:/NXP/S32DS_Power_v2.1/S32DS/build_tools/e200_ewl2/lib/e200z4/fp\libc99.a(snprintf.o) (getwc)
C:/NXP/S32DS_Power_v2.1/S32DS/build_tools/e200_ewl2/lib/e200z4/fp\libc99.a(fwide.o)
                              C:/NXP/S32DS_Power_v2.1/S32DS/build_tools/e200_ewl2/lib/e200z4/fp\libc99.a(fgetwc.o) (fwide)
C:/NXP/S32DS_Power_v2.1/S32DS/build_tools/e200_ewl2/lib/e200z4/fp\libc99.a(__printformat.o)
                              C:/NXP/S32DS_Power_v2.1/S32DS/build_tools/e200_ewl2/lib/e200z4/fp\libc99.a(vsnprintf.o) (__pformatter)
C:/NXP/S32DS_Power_v2.1/S32DS/build_tools/e200_ewl2/lib/e200z4/fp\libc99.a(ctype.o)
                              C:/NXP/S32DS_Power_v2.1/S32DS/build_tools/e200_ewl2/lib/e200z4/fp\libc99.a(snprintf.o) (__upper_mapC)
C:/NXP/S32DS_Power_v2.1/S32DS/build_tools/e200_ewl2/lib/e200z4/fp\libc99.a(secure_error.o)
                              C:/NXP/S32DS_Power_v2.1/S32DS/build_tools/e200_ewl2/lib/e200z4/fp\libc99.a(__printformat.o) (__ewl_runtime_constraint_violation_s)
C:/NXP/S32DS_Power_v2.1/S32DS/build_tools/e200_ewl2/lib/e200z4/fp\libc99.a(ansi_files.o)
                              C:/NXP/S32DS_Power_v2.1/S32DS/build_tools/e200_ewl2/lib/e200z4/fp\libc99.a(snprintf.o) (__files)
C:/NXP/S32DS_Power_v2.1/S32DS/build_tools/e200_ewl2/lib/e200z4/fp\libc99.a(fflush.o)
                              C:/NXP/S32DS_Power_v2.1/S32DS/build_tools/e200_ewl2/lib/e200z4/fp\libc99.a(ansi_files.o) (fflush)
C:/NXP/S32DS_Power_v2.1/S32DS/build_tools/e200_ewl2/lib/e200z4/fp\libc99.a(fread.o)
                              C:/NXP/S32DS_Power_v2.1/S32DS/build_tools/e200_ewl2/lib/e200z4/fp\libc99.a(fgetwc.o) (__fread)
C:/NXP/S32DS_Power_v2.1/S32DS/build_tools/e200_ewl2/lib/e200z4/fp\libc99.a(__StringWrite.o)
                              C:/NXP/S32DS_Power_v2.1/S32DS/build_tools/e200_ewl2/lib/e200z4/fp\libc99.a(vsnprintf.o) (__StringWrite)
C:/NXP/S32DS_Power_v2.1/S32DS/build_tools/e200_ewl2/lib/e200z4/fp\libc99.a(abort.o)
                              C:/NXP/S32DS_Power_v2.1/S32DS/build_tools/e200_ewl2/lib/e200z4/fp\libc99.a(secure_error.o) (abort)
C:/NXP/S32DS_Power_v2.1/S32DS/build_tools/e200_ewl2/lib/e200z4/fp\libc99.a(exit.o)
                              C:/NXP/S32DS_Power_v2.1/S32DS/build_tools/e200_ewl2/lib/e200z4/fp\libc99.a(abort.o) (__console_exit)
C:/NXP/S32DS_Power_v2.1/S32DS/build_tools/e200_ewl2/lib/e200z4/fp\libc99.a(mbtowc.o)
                              C:/NXP/S32DS_Power_v2.1/S32DS/build_tools/e200_ewl2/lib/e200z4/fp\libc99.a(fgetwc.o) (mbtowc)
C:/NXP/S32DS_Power_v2.1/S32DS/build_tools/e200_ewl2/lib/e200z4/fp\libc99.a(wcstombs.o)
                              C:/NXP/S32DS_Power_v2.1/S32DS/build_tools/e200_ewl2/lib/e200z4/fp\libc99.a(__printformat.o) (wcstombs)
C:/NXP/S32DS_Power_v2.1/S32DS/build_tools/e200_ewl2/lib/e200z4/fp\libc99.a(wctomb.o)
                              C:/NXP/S32DS_Power_v2.1/S32DS/build_tools/e200_ewl2/lib/e200z4/fp\libc99.a(wcstombs.o) (wctomb)
C:/NXP/S32DS_Power_v2.1/S32DS/build_tools/e200_ewl2/lib/e200z4/fp\libc99.a(__filll_mem.o)
                              C:/NXP/S32DS_Power_v2.1/S32DS/build_tools/e200_ewl2/lib/e200z4/fp\libc99.a(memset.o) (__fill_mem)
C:/NXP/S32DS_Power_v2.1/S32DS/build_tools/e200_ewl2/lib/e200z4/fp\libc99.a(memchr.o)
                              C:/NXP/S32DS_Power_v2.1/S32DS/build_tools/e200_ewl2/lib/e200z4/fp\libc99.a(__printformat.o) (memchr)
C:/NXP/S32DS_Power_v2.1/S32DS/build_tools/e200_ewl2/lib/e200z4/fp\libc99.a(strchr.o)
                              C:/NXP/S32DS_Power_v2.1/S32DS/build_tools/e200_ewl2/lib/e200z4/fp\libc99.a(__printformat.o) (strchr)
C:/NXP/S32DS_Power_v2.1/S32DS/build_tools/e200_ewl2/lib/e200z4/fp\libc99.a(strcpy.o)
                              C:/NXP/S32DS_Power_v2.1/S32DS/build_tools/e200_ewl2/lib/e200z4/fp\libc99.a(__printformat.o) (strcpy)
C:/NXP/S32DS_Power_v2.1/S32DS/build_tools/e200_ewl2/lib/e200z4/fp\libc99.a(strncpy.o)
[...]
Memory Configuration

Name             Origin             Length             Attributes
flash_rchw       0x00fa0000         0x00000004
cpu0_reset_vec   0x00fa0010         0x00000004
cpu1_reset_vec   0x00fa0014         0x00000004
cpu2_reset_vec   0x00fa0004         0x00000004
m_text           0x01000000         0x001d0000
m_data           0x40000000         0x00040000
*default*        0x00000000         0xffffffff

Linker script and memory map

LOAD c:/nxp/s32ds_power_v2.1/s32ds/build_tools/powerpc-eabivle-4_9/bin/../lib/gcc/powerpc-eabivle/4.9.4/e200z4/fp/ecrti.o
LOAD c:/nxp/s32ds_power_v2.1/s32ds/build_tools/powerpc-eabivle-4_9/bin/../lib/gcc/powerpc-eabivle/4.9.4/e200z4/fp/crtbegin.o
LOAD ./Generated_Code/Cpu.o
LOAD ./Generated_Code/can_pal1.o
LOAD ./Generated_Code/clockMan1.o
LOAD ./Generated_Code/dmaController1.o
LOAD ./Generated_Code/pin_mux.o
LOAD ./Generated_Code/uart_pal1.o
LOAD ./Project_Settings/Startup_Code/core0_intc_sw_handlers.o
LOAD ./Project_Settings/Startup_Code/interrupt_vectors.o
LOAD ./Project_Settings/Startup_Code/startup_MPC5748G.o
LOAD ./SDK/platform/devices/MPC5748G/startup/system_MPC5748G.o
LOAD ./SDK/platform/devices/startup.o
LOAD ./SDK/platform/drivers/src/clock/MPC57xx/clock_MPC57xx.o
LOAD ./SDK/platform/drivers/src/edma/edma_driver.o
LOAD ./SDK/platform/drivers/src/edma/edma_hw_access.o
LOAD ./SDK/platform/drivers/src/edma/edma_irq.o
LOAD ./SDK/platform/drivers/src/flexcan/flexcan_driver.o
LOAD ./SDK/platform/drivers/src/flexcan/flexcan_hw_access.o
LOAD ./SDK/platform/drivers/src/flexcan/flexcan_irq.o
LOAD ./SDK/platform/drivers/src/interrupt/interrupt_manager_MPC57xx.o
LOAD ./SDK/platform/drivers/src/linflexd/linflexd_uart_driver.o
LOAD ./SDK/platform/drivers/src/linflexd/linflexd_uart_irq.o
LOAD ./SDK/platform/drivers/src/pins/siul2/pins_siul2_driver.o
LOAD ./SDK/platform/drivers/src/pins/siul2/siul2_hw_access.o
LOAD ./SDK/platform/pal/src/can/can_pal.o
LOAD ./SDK/platform/pal/src/uart/uart_pal.o
LOAD ./SDK/rtos/FreeRTOS_PA/Source/croutine.o
LOAD ./SDK/rtos/FreeRTOS_PA/Source/event_groups.o
LOAD ./SDK/rtos/FreeRTOS_PA/Source/list.o
LOAD ./SDK/rtos/FreeRTOS_PA/Source/queue.o
LOAD ./SDK/rtos/FreeRTOS_PA/Source/stream_buffer.o
LOAD ./SDK/rtos/FreeRTOS_PA/Source/tasks.o
LOAD ./SDK/rtos/FreeRTOS_PA/Source/timers.o
LOAD ./SDK/rtos/FreeRTOS_PA/Source/portable/GCC/PowerPC/port.o
LOAD ./SDK/rtos/FreeRTOS_PA/Source/portable/GCC/PowerPC/portasm.o
LOAD ./SDK/rtos/FreeRTOS_PA/Source/portable/GCC/PowerPC/porttimer.o
LOAD ./SDK/rtos/FreeRTOS_PA/Source/portable/MemMang/heap_2.o
LOAD ./SDK/rtos/osif/osif_freertos.o
LOAD ./Sources/drivers/can.o
LOAD ./Sources/drivers/gpio.o
LOAD ./Sources/drivers/uart.o
LOAD ./Sources/main.o
LOAD ./Sources/services/com_gateway.o
LOAD ./Sources/services/logger.o
LOAD ./Sources/services/monitoring.o
LOAD ./Sources/services/ms_scheduler.o
LOAD ./Sources/services/system_init.o
START GROUP
LOAD C:/NXP/S32DS_Power_v2.1/S32DS/build_tools/e200_ewl2/lib/e200z4/fp\libc99.a
LOAD C:/NXP/S32DS_Power_v2.1/S32DS/build_tools/e200_ewl2/lib/e200z4/fp\libm.a
LOAD c:/nxp/s32ds_power_v2.1/s32ds/build_tools/powerpc-eabivle-4_9/bin/../lib/gcc/powerpc-eabivle/4.9.4/e200z4/fp\libgcc.a
LOAD C:/NXP/S32DS_Power_v2.1/S32DS/build_tools/e200_ewl2/lib/e200z4/fp\librt.a
END GROUP
LOAD c:/nxp/s32ds_power_v2.1/s32ds/build_tools/powerpc-eabivle-4_9/bin/../lib/gcc/powerpc-eabivle/4.9.4/e200z4/fp/crtend.o
LOAD c:/nxp/s32ds_power_v2.1/s32ds/build_tools/powerpc-eabivle-4_9/bin/../lib/gcc/powerpc-eabivle/4.9.4/e200z4/fp/ecrtn.o
                0x00000000                __HEAP_SIZE = DEFINED (__heap_size__)?__heap_size__:0x0
                0x00001000                __STACK_SIZE = DEFINED (__stack_size__)?__stack_size__:0x1000
                0x01000000                FLASH_BASE_ADDR = DEFINED (__flash_base_addr__)?__flash_base_addr__:0x1000000
                0x001d0000                FLASH_SIZE = DEFINED (__flash_size__)?__flash_size__:0x1d0000
                0x40000000                SRAM_BASE_ADDR = DEFINED (__sram_base_addr__)?__sram_base_addr__:0x40000000
                0x00040000                SRAM_SIZE = DEFINED (__sram_size__)?__sram_size__:0x40000

.rchw           0x00fa0000        0x4
 *(.rchw)
 .rchw          0x00fa0000        0x4 ./Project_Settings/Startup_Code/startup_MPC5748G.o

.cpu0_reset_vector
                0x00fa0010        0x4
 *(.cpu0_reset_vector)
 .cpu0_reset_vector
                0x00fa0010        0x4 ./Project_Settings/Startup_Code/startup_MPC5748G.o

.cpu1_reset_vector
 *(.cpu1_reset_vector)

.cpu2_reset_vector
 *(.cpu2_reset_vector)

.startup        0x01000000      0x168
                0x01000000                __start = .
 *(.startup)
 .startup       0x01000000      0x168 ./Project_Settings/Startup_Code/startup_MPC5748G.o
                0x01000000                Reset_Handler
                0x01000000                _start

.core_exceptions_table
                0x01001000       0xb4
                0x01001000                __IVPR_VALUE = .
 *(.core_exceptions_table)
 .core_exceptions_table
                0x01001000       0xb4 ./Project_Settings/Startup_Code/interrupt_vectors.o
                0x01001000                IVOR0_Vector
                0x01001000                VTABLE
                0x01001010                IVOR1_Vector
                0x01001020                IVOR2_Vector
                0x01001030                IVOR3_Vector
                0x01001040                IVOR4_Vector
                0x01001050                IVOR5_Vector
                0x01001060                IVOR6_Vector
                0x01001070                IVOR35_Vector
                0x01001080                IVOR8_Vector
                0x01001090                IVOR15_Vector
                0x010010a0                IVOR33_Vector
                0x010010b0                IVOR34_Vector

.intc_vector_table
                0x01002000      0xbcc
                0x01002000                __VECTOR_TABLE = .
                0x01002000                __interrupts_start__ = .
 *(.intc_vector_table)
 .intc_vector_table
                0x01002000      0xbcc ./Project_Settings/Startup_Code/startup_MPC5748G.o
                0x01002000                __isr_vector
                0x01002bc8                DSPI1_Send_IRQHandler
                0x01002bc8                PIT_Ch0_IRQHandler
                0x01002bc8                PIT_Ch14_IRQHandler
                0x01002bc8                SIUL_EIRQ_16_23_IRQHandler
                0x01002bc8                SAI2_Rx_IRQHandler
                0x01002bc8                PIT_Ch10_IRQHandler
                0x01002bc8                SWT0_IRQHandler
                0x01002bc8                EMIOS0_30_31_IRQHandler
                0x01002bc8                ENET0_Rx_1_IRQHandler
                0x01002bc8                DSPI0_FIFO_Error_IRQHandler
                0x01002bc8                PIT_Ch15_IRQHandler
                0x01002bc8                ADC1_WD_IRQHandler
                0x01002bc8                EMIOS1_00_01_IRQHandler
                0x01002bc8                USBOTG_IRQHandler
                0x01002bc8                DSPI5_FIFO_Error_IRQHandler
                0x01002bc8                DSPI4_Send_IRQHandler
                0x01002bc8                IVOR34_Exception_Handler
                0x01002bc8                STM2_Ch2_IRQHandler
                0x01002bc8                EMIOS1_26_27_IRQHandler
                0x01002bc8                DSPI6_Send_IRQHandler
                0x01002bc8                WKPU_23_16_IRQHandler
                0x01002bc8                STM2_Ch3_IRQHandler
                0x01002bc8                DSPI3_Send_IRQHandler
                0x01002bc8                IVOR2_Exception_Handler
                0x01002bc8                PIT_Ch7_IRQHandler
                0x01002bc8                SAI2_Tx_IRQHandler
                0x01002bc8                ENET1_Tx_IRQHandler
                0x01002bc8                EMIOS1_04_05_IRQHandler
                0x01002bc8                STM2_Ch1_IRQHandler
                0x01002bc8                STM1_Ch2_IRQHandler
                0x01002bc8                EMIOS0_04_05_IRQHandler
                0x01002bc8                ENET0_Tx_2_IRQHandler
                0x01002bc8                ENET1_Rx_2_IRQHandler
                0x01002bc8                IVOR33_Exception_Handler
                0x01002bc8                EMIOS2_00_01_IRQHandler
                0x01002bc8                EMIOS0_24_25_IRQHandler
                0x01002bc8                SAI0_Tx_IRQHandler
                0x01002bc8                DSPI2_FIFO_Error_IRQHandler
                0x01002bc8                DSPI9_FIFO_Error_IRQHandler
                0x01002bc8                EMIOS2_26_27_IRQHandler
                0x01002bc8                ENET0_Parser_IRQHandler
                0x01002bc8                SWT2_IRQHandler
                0x01002bc8                IVOR5_Exception_Handler
                0x01002bc8                ADC0_WD_IRQHandler
                0x01002bc8                EMIOS0_10_11_IRQHandler
                0x01002bc8                DSPI6_Receive_IRQHandler
                0x01002bc8                PIT_Ch1_IRQHandler
                0x01002bc8                EMIOS0_12_13_IRQHandler
                0x01002bc8                PIT_Ch5_IRQHandler
                0x01002bc8                EMIOS1_14_15_IRQHandler
                0x01002bc8                ENET1_Rx_IRQHandler
                0x01002bc8                DSPI0_Send_IRQHandler
                0x01002bc8                ENET1_Timer_IRQHandler
                0x01002bc8                ENET0_Err_IRQHandler
                0x01002bc8                BCTU_ListLast_IRQHandler
                0x01002bc8                ENET0_Rx_IRQHandler
                0x01002bc8                SAI1_Tx_IRQHandler
                0x01002bc8                I2C_DRV_Module2IRQHandler
                0x01002bc8                DSPI0_Receive_IRQHandler
                0x01002bc8                PIT_Ch2_IRQHandler
                0x01002bc8                CMP0_IRQHandler
                0x01002bc8                DSPI2_Send_IRQHandler
                0x01002bc8                EMIOS0_16_17_IRQHandler
                0x01002bc8                ADC0_EOC_IRQHandler
                0x01002bc8                STM2_Ch0_IRQHandler
                0x01002bc8                IVOR15_Exception_Handler
                0x01002bc8                DSPI4_FIFO_Error_IRQHandler
                0x01002bc8                EMIOS1_10_11_IRQHandler
                0x01002bc8                DSPI2_Receive_IRQHandler
                0x01002bc8                DSPI9_Receive_IRQHandler
                0x01002bc8                ADC1_ER_IRQHandler
                0x01002bc8                DSPI3_Receive_IRQHandler
                0x01002bc8                SAI0_Rx_IRQHandler
                0x01002bc8                EMIOS1_28_29_IRQHandler
                0x01002bc8                EMIOS0_22_23_IRQHandler
                0x01002bc8                EMIOS1_30_31_IRQHandler
                0x01002bc8                PIT_Ch4_IRQHandler
                0x01002bc8                EMIOS2_28_29_IRQHandler
                0x01002bc8                SIUL_EIRQ_00_07_IRQHandler
                0x01002bc8                ENET1_Tx_1_IRQHandler
                0x01002bc8                ADC0_ER_IRQHandler
                0x01002bc8                DSPI7_Receive_IRQHandler
                0x01002bc8                DSPI1_FIFO_Error_IRQHandler
                0x01002bc8                ENET0_Rx_2_IRQHandler
                0x01002bc8                PIT_Ch12_IRQHandler
                0x01002bc8                PIT_Ch11_IRQHandler
                0x01002bc8                ENET0_Tx_1_IRQHandler
                0x01002bc8                ENET1_Parser_IRQHandler
                0x01002bc8                EMIOS2_06_07_IRQHandler
                0x01002bc8                EMIOS1_06_07_IRQHandler
                0x01002bc8                SIUL_EIRQ_24_31_IRQHandler
                0x01002bc8                DSPI7_FIFO_Error_IRQHandler
                0x01002bc8                IVOR1_Exception_Handler
                0x01002bc8                EMIOS2_20_21_IRQHandler
                0x01002bc8                CMP2_IRQHandler
                0x01002bc8                STM1_Ch0_IRQHandler
                0x01002bc8                DSPI8_Receive_IRQHandler
                0x01002bc8                ENET0_Tx_IRQHandler
                0x01002bc8                IVOR3_Exception_Handler
                0x01002bc8                EMIOS1_12_13_IRQHandler
                0x01002bc8                HSM_DRV_IRQHandler
                0x01002bc8                EMIOS2_04_05_IRQHandler
                0x01002bc8                PIT_RTI_IRQHandler
                0x01002bc8                IVOR8_Exception_Handler
                0x01002bc8                DSPI9_Send_IRQHandler
                0x01002bc8                WKPU_31_24_IRQHandler
                0x01002bc8                DSPI5_Receive_IRQHandler
                0x01002bc8                STM0_Ch0_IRQHandler
                0x01002bc8                STM1_Ch1_IRQHandler
                0x01002bc8                I2C_DRV_Module1IRQHandler
                0x01002bc8                PIT_Ch13_IRQHandler
                0x01002bc8                EMIOS2_02_03_IRQHandler
                0x01002bc8                EMIOS0_18_19_IRQHandler
                0x01002bc8                STM0_Ch3_IRQHandler
                0x01002bc8                STM0_Ch2_IRQHandler
                0x01002bc8                EMIOS1_02_03_IRQHandler
                0x01002bc8                WKPU_15_08_IRQHandler
                0x01002bc8                EMIOS0_00_01_IRQHandler
                0x01002bc8                RTC0_IRQHandler
                0x01002bc8                DSPI8_FIFO_Error_IRQHandler
                0x01002bc8                DSPI7_Send_IRQHandler
                0x01002bc8                STM1_Ch3_IRQHandler
                0x01002bc8                USBHS_IRQHandler
                0x01002bc8                EMIOS0_20_21_IRQHandler
                0x01002bc8                I2C_DRV_Module0IRQHandler
                0x01002bc8                EMIOS2_18_19_IRQHandler
                0x01002bc8                DSPI3_FIFO_Error_IRQHandler
                0x01002bc8                I2C_DRV_Module3IRQHandler
                0x01002bc8                EMIOS1_24_25_IRQHandler
                0x01002bc8                IVOR6_Exception_Handler
                0x01002bc8                PIT_Ch6_IRQHandler
                0x01002bc8                IVOR0_Exception_Handler
                0x01002bc8                IVOR35_Exception_Handler
                0x01002bc8                uSDHC_DriverIRQHandler
                0x01002bc8                EMIOS2_12_13_IRQHandler
                0x01002bc8                EMIOS1_08_09_IRQHandler
                0x01002bc8                PIT_Ch3_IRQHandler
                0x01002bc8                EMIOS0_26_27_IRQHandler
                0x01002bc8                DSPI4_Receive_IRQHandler
                0x01002bc8                DSPI6_FIFO_Error_IRQHandler
                0x01002bc8                EMIOS0_08_09_IRQHandler
                0x01002bc8                DSPI1_Receive_IRQHandler
                0x01002bc8                EMIOS1_22_23_IRQHandler
                0x01002bc8                EMIOS2_10_11_IRQHandler
                0x01002bc8                PIT_Ch9_IRQHandler
                0x01002bc8                ENET1_Err_IRQHandler
                0x01002bc8                EMIOS2_24_25_IRQHandler
                0x01002bc8                SWT1_IRQHandler
                0x01002bc8                EMIOS1_16_17_IRQHandler
                0x01002bc8                API0_IRQHandler
                0x01002bc8                DSPI8_Send_IRQHandler
                0x01002bc8                FLASH_Done_IRQHandler
                0x01002bc8                ENET1_Rx_1_IRQHandler
                0x01002bc8                SIUL_EIRQ_08_15_IRQHandler
                0x01002bc8                EMIOS1_18_19_IRQHandler
                0x01002bc8                EMIOS2_14_15_IRQHandler
                0x01002bc8                SAI1_Rx_IRQHandler
                0x01002bc8                EMIOS2_22_23_IRQHandler
                0x01002bc8                CMP1_IRQHandler
                0x01002bc8                EMIOS2_08_09_IRQHandler
                0x01002bc8                EMIOS0_28_29_IRQHandler
                0x01002bc8                DefaultISR
                0x01002bc8                EMIOS0_06_07_IRQHandler
                0x01002bc8                EMIOS0_02_03_IRQHandler
                0x01002bc8                PIT_Ch8_IRQHandler
                0x01002bc8                EMIOS2_30_31_IRQHandler
                0x01002bc8                EMIOS1_20_21_IRQHandler
                0x01002bc8                ENET1_Tx_2_IRQHandler
                0x01002bc8                ENET0_Timer_IRQHandler
                0x01002bc8                ADC1_EOC_IRQHandler
                0x01002bc8                DSPI5_Send_IRQHandler
                0x01002bc8                STM0_Ch1_IRQHandler
                0x01002bc8                FCCU0_IRQ_Handler
                0x01002bc8                WKPU_07_00_IRQHandler
                0x01002bc8                BCTU_ConvUpdate_IRQHandler
                0x01002bc8                EMIOS2_16_17_IRQHandler
                0x01002bc8                EMIOS0_14_15_IRQHandler
                0x01002bcc                __interrupts_end__ = .
                0x00000c00                __RAM_VECTOR_TABLE_SIZE = 0xc00
                0x01002c00                __VECTOR_TABLE_COPY_END = (__VECTOR_TABLE + __RAM_VECTOR_TABLE_SIZE)

.text           0x01002bd0     0xe1f0
 *(.text.startup)
 *(.text)
 .text          0x01002bd0      0x16c c:/nxp/s32ds_power_v2.1/s32ds/build_tools/powerpc-eabivle-4_9/bin/../lib/gcc/powerpc-eabivle/4.9.4/e200z4/fp/crtbegin.o
 *fill*         0x01002d3c        0x4 
 .text          0x01002d40      0x2f6 ./Project_Settings/Startup_Code/core0_intc_sw_handlers.o
                0x01002d80                IVOR0_Handler
                0x01002dae                IVOR1_Handler
                0x01002dfc                IVOR2_Handler
                0x01002e36                IVOR3_Handler
                0x01002e70                IVOR4_Handler
                0x01002eb8                IVOR5_Handler
                0x01002ef2                IVOR6_Handler
                0x01002f2c                IVOR8_Handler
                0x01002f66                IVOR15_Handler
                0x01002f94                IVOR33_Handler
                0x01002fce                IVOR34_Handler
                0x01003008                IVOR35_Handler
 *fill*         0x01003036        0xa 
 .text          0x01003040      0x242 ./SDK/rtos/FreeRTOS_PA/Source/portable/GCC/PowerPC/portasm.o
                0x01003040                vPortStartFirstTask
                0x01003090                vPortISRHandler
                0x01003150                xPortSyscall
                0x01003250                vPortNMI
                0x01003270                vPortDataStorage
 *fill*         0x01003282        0x2 
 .text          0x01003284       0x4e c:/nxp/s32ds_power_v2.1/s32ds/build_tools/powerpc-eabivle-4_9/bin/../lib/gcc/powerpc-eabivle/4.9.4/e200z4/fp\libgcc.a(_fixunsdfdi.o)
                0x01003284                __fixunsdfdi
 *fill*         0x010032d2        0x2 
 .text          0x010032d4      0x328 c:/nxp/s32ds_power_v2.1/s32ds/build_tools/powerpc-eabivle-4_9/bin/../lib/gcc/powerpc-eabivle/4.9.4/e200z4/fp\libgcc.a(_udivdi3.o)
                0x010032d4                __udivdi3
 .text          0x010035fc      0x2e2 c:/nxp/s32ds_power_v2.1/s32ds/build_tools/powerpc-eabivle-4_9/bin/../lib/gcc/powerpc-eabivle/4.9.4/e200z4/fp\libgcc.a(_umoddi3.o)
                0x010035fc                __umoddi3
 *fill*         0x010038de        0x2 
 .text          0x010038e0      0x37e c:/nxp/s32ds_power_v2.1/s32ds/build_tools/powerpc-eabivle-4_9/bin/../lib/gcc/powerpc-eabivle/4.9.4/e200z4/fp\libgcc.a(_addsub_df.o)
                0x01003ba0                __adddf3
                0x01003bfc                __subdf3
 *fill*         0x01003c5e        0x2 
 .text          0x01003c60      0x26c c:/nxp/s32ds_power_v2.1/s32ds/build_tools/powerpc-eabivle-4_9/bin/../lib/gcc/powerpc-eabivle/4.9.4/e200z4/fp\libgcc.a(_mul_df.o)
                0x01003c60                __muldf3
 .text          0x01003ecc       0x64 c:/nxp/s32ds_power_v2.1/s32ds/build_tools/powerpc-eabivle-4_9/bin/../lib/gcc/powerpc-eabivle/4.9.4/e200z4/fp\libgcc.a(_eq_df.o)
                0x01003ecc                __eqdf2
 .text          0x01003f30       0x64 c:/nxp/s32ds_power_v2.1/s32ds/build_tools/powerpc-eabivle-4_9/bin/../lib/gcc/powerpc-eabivle/4.9.4/e200z4/fp\libgcc.a(_ne_df.o)
                0x01003f30                __nedf2
 .text          0x01003f94       0x64 c:/nxp/s32ds_power_v2.1/s32ds/build_tools/powerpc-eabivle-4_9/bin/../lib/gcc/powerpc-eabivle/4.9.4/e200z4/fp\libgcc.a(_lt_df.o)
                0x01003f94                __ltdf2
 .text          0x01003ff8       0x70 c:/nxp/s32ds_power_v2.1/s32ds/build_tools/powerpc-eabivle-4_9/bin/../lib/gcc/powerpc-eabivle/4.9.4/e200z4/fp\libgcc.a(_usi_to_df.o)
                0x01003ff8                __floatunsidf
 .text          0x01004068       0x4a c:/nxp/s32ds_power_v2.1/s32ds/build_tools/powerpc-eabivle-4_9/bin/../lib/gcc/powerpc-eabivle/4.9.4/e200z4/fp\libgcc.a(e200crtsavgpr.o)
                0x01004068                _savegpr_14
                0x0100406c                _savegpr_15
                0x01004070                _savegpr_16
                0x01004074                _savegpr_17
                0x01004078                _savegpr_18
                0x0100407c                _savegpr_19
                0x01004080                _savegpr_20
                0x01004084                _savegpr_21
                0x01004088                _savegpr_22
                0x0100408c                _savegpr_23
                0x01004090                _savegpr_24
                0x01004094                _savegpr_25
                0x01004098                _savegpr_26
                0x0100409c                _savegpr_27
                0x010040a0                _savegpr_28
                0x010040a4                _savegpr_29
                0x010040a8                _savegpr_30
                0x010040ac                _savegpr_31
 .text          0x010040b2       0x52 c:/nxp/s32ds_power_v2.1/s32ds/build_tools/powerpc-eabivle-4_9/bin/../lib/gcc/powerpc-eabivle/4.9.4/e200z4/fp\libgcc.a(e200crtresxgpr.o)
                0x010040b2                _restgpr_14_x
                0x010040b6                _restgpr_15_x
                0x010040ba                _restgpr_16_x
                0x010040be                _restgpr_17_x
                0x010040c2                _restgpr_18_x
                0x010040c6                _restgpr_19_x
                0x010040ca                _restgpr_20_x
                0x010040ce                _restgpr_21_x
                0x010040d2                _restgpr_22_x
                0x010040d6                _restgpr_23_x
                0x010040da                _restgpr_24_x
                0x010040de                _restgpr_25_x
                0x010040e2                _restgpr_26_x
                0x010040e6                _restgpr_27_x
                0x010040ea                _restgpr_28_x
                0x010040ee                _restgpr_29_x
                0x010040f2                _restgpr_30_x
                0x010040f6                _restgpr_31_x
 .text          0x01004104       0x4a c:/nxp/s32ds_power_v2.1/s32ds/build_tools/powerpc-eabivle-4_9/bin/../lib/gcc/powerpc-eabivle/4.9.4/e200z4/fp\libgcc.a(eabivle.o)
                0x01004104                __eabi
 *fill*         0x0100414e        0x2 
 .text          0x01004150       0x56 c:/nxp/s32ds_power_v2.1/s32ds/build_tools/powerpc-eabivle-4_9/bin/../lib/gcc/powerpc-eabivle/4.9.4/e200z4/fp\libgcc.a(_fixunsdfsi.o)
                0x01004150                __fixunsdfsi
 *fill*         0x010041a6        0x2 
 .text          0x010041a8      0x1e6 c:/nxp/s32ds_power_v2.1/s32ds/build_tools/powerpc-eabivle-4_9/bin/../lib/gcc/powerpc-eabivle/4.9.4/e200z4/fp\libgcc.a(_pack_df.o)
                0x010041a8                __pack_d
 *fill*         0x0100438e        0x2 
 .text          0x01004390       0xb0 c:/nxp/s32ds_power_v2.1/s32ds/build_tools/powerpc-eabivle-4_9/bin/../lib/gcc/powerpc-eabivle/4.9.4/e200z4/fp\libgcc.a(_unpack_df.o)
                0x01004390                __unpack_d
 .text          0x01004440       0xc6 c:/nxp/s32ds_power_v2.1/s32ds/build_tools/powerpc-eabivle-4_9/bin/../lib/gcc/powerpc-eabivle/4.9.4/e200z4/fp\libgcc.a(_fpcmp_parts_df.o)
                0x01004440                __fpcmp_parts_d
 *fill*         0x01004506        0x2 
 .text          0x01004508       0x64 c:/nxp/s32ds_power_v2.1/s32ds/build_tools/powerpc-eabivle-4_9/bin/../lib/gcc/powerpc-eabivle/4.9.4/e200z4/fp\libgcc.a(_ge_df.o)
                0x01004508                __gedf2
 .text          0x0100456c       0xac c:/nxp/s32ds_power_v2.1/s32ds/build_tools/powerpc-eabivle-4_9/bin/../lib/gcc/powerpc-eabivle/4.9.4/e200z4/fp\libgcc.a(_df_to_si.o)
                0x0100456c                __fixdfsi
 .text          0x01004618       0x48 c:/nxp/s32ds_power_v2.1/s32ds/build_tools/powerpc-eabivle-4_9/bin/../lib/gcc/powerpc-eabivle/4.9.4/e200z4/fp/crtend.o
 *(.text.*)
 .text.SystemInit
                0x01004660       0x8e ./SDK/platform/devices/MPC5748G/startup/system_MPC5748G.o
                0x01004660                SystemInit
 *fill*         0x010046ee        0x2 
 .text.init_data_bss
                0x010046f0       0xb8 ./SDK/platform/devices/startup.o
                0x010046f0                init_data_bss
 .text.CLOCK_SYS_GetFircFreq
                0x010047a8       0x1e ./SDK/platform/drivers/src/clock/MPC57xx/clock_MPC57xx.o
 *fill*         0x010047c6        0x2 
 .text.CLOCK_SYS_GetFxoscFreq
                0x010047c8       0x1e ./SDK/platform/drivers/src/clock/MPC57xx/clock_MPC57xx.o
 *fill*         0x010047e6        0x2 
 .text.CLOCK_SYS_CalculateFrequenciesOfClockSources
                0x010047e8      0x136 ./SDK/platform/drivers/src/clock/MPC57xx/clock_MPC57xx.o
 *fill*         0x0100491e        0x2 
 .text.CLOCK_SYS_GetSystemClockFreq
                0x01004920      0x1e6 ./SDK/platform/drivers/src/clock/MPC57xx/clock_MPC57xx.o
 *fill*         0x01004b06        0x2 
 .text.CLOCK_DRV_Init
                0x01004b08      0xb5a ./SDK/platform/drivers/src/clock/MPC57xx/clock_MPC57xx.o
                0x01004b08                CLOCK_DRV_Init
 *fill*         0x01005662        0x2 
 .text.CLOCK_DRV_GetFreq
                0x01005664      0x444 ./SDK/platform/drivers/src/clock/MPC57xx/clock_MPC57xx.o
                0x01005664                CLOCK_DRV_GetFreq
 .text.CLOCK_SYS_Init
                0x01005aa8       0x4c ./SDK/platform/drivers/src/clock/MPC57xx/clock_MPC57xx.o
                0x01005aa8                CLOCK_SYS_Init
 .text.CLOCK_SYS_UpdateConfiguration
                0x01005af4      0x186 ./SDK/platform/drivers/src/clock/MPC57xx/clock_MPC57xx.o
                0x01005af4                CLOCK_SYS_UpdateConfiguration
 *fill*         0x01005c7a        0x2 
 .text.CLOCK_SYS_GetFreq
                0x01005c7c       0x14 ./SDK/platform/drivers/src/clock/MPC57xx/clock_MPC57xx.o
                0x01005c7c                CLOCK_SYS_GetFreq
 .text.EDMA_DRV_InstallCallback
                0x01005c90       0x42 ./SDK/platform/drivers/src/edma/edma_driver.o
                0x01005c90                EDMA_DRV_InstallCallback
 *fill*         0x01005cd2        0x2 
 .text.EDMA_DRV_IRQHandler
                0x01005cd4       0x52 ./SDK/platform/drivers/src/edma/edma_driver.o
                0x01005cd4                EDMA_DRV_IRQHandler
 *fill*         0x01005d26        0x2 
 .text.EDMA_DRV_ErrorIRQHandler
                0x01005d28       0x6c ./SDK/platform/drivers/src/edma/edma_driver.o
                0x01005d28                EDMA_DRV_ErrorIRQHandler
 .text.EDMA_DRV_ConfigSingleBlockTransfer
                0x01005d94      0x1c6 ./SDK/platform/drivers/src/edma/edma_driver.o
                0x01005d94                EDMA_DRV_ConfigSingleBlockTransfer
 *fill*         0x01005f5a        0x2 
 .text.EDMA_DRV_ConfigMultiBlockTransfer
                0x01005f5c       0x72 ./SDK/platform/drivers/src/edma/edma_driver.o
                0x01005f5c                EDMA_DRV_ConfigMultiBlockTransfer
 *fill*         0x01005fce        0x2 
 .text.EDMA_DRV_StartChannel
                0x01005fd0       0x6c ./SDK/platform/drivers/src/edma/edma_driver.o
                0x01005fd0                EDMA_DRV_StartChannel
 .text.EDMA_DRV_StopChannel
                0x0100603c       0x6c ./SDK/platform/drivers/src/edma/edma_driver.o
                0x0100603c                EDMA_DRV_StopChannel
 .text.EDMA_DRV_SetSrcAddr
                0x010060a8       0x6a ./SDK/platform/drivers/src/edma/edma_driver.o
                0x010060a8                EDMA_DRV_SetSrcAddr
 *fill*         0x01006112        0x2 
 .text.EDMA_DRV_SetDestAddr
                0x01006114       0x6a ./SDK/platform/drivers/src/edma/edma_driver.o
                0x01006114                EDMA_DRV_SetDestAddr
 *fill*         0x0100617e        0x2 
 .text.EDMA_DRV_SetMajorLoopIterationCount
                0x01006180       0x6a ./SDK/platform/drivers/src/edma/edma_driver.o
                0x01006180                EDMA_DRV_SetMajorLoopIterationCount
 *fill*         0x010061ea        0x2 
 .text.EDMA_DRV_DisableRequestsOnTransferComplete
                0x010061ec       0x6a ./SDK/platform/drivers/src/edma/edma_driver.o
                0x010061ec                EDMA_DRV_DisableRequestsOnTransferComplete
 *fill*         0x01006256        0x2 
 .text.EDMA_DRV_GetDmaRegBaseAddr
                0x01006258       0x12 ./SDK/platform/drivers/src/edma/edma_driver.o
                0x01006258                EDMA_DRV_GetDmaRegBaseAddr
 *fill*         0x0100626a        0x2 
 .text.EDMA_GetErrorIntStatusFlag
                0x0100626c        0xa ./SDK/platform/drivers/src/edma/edma_hw_access.o
                0x0100626c                EDMA_GetErrorIntStatusFlag
 *fill*         0x01006276        0x2 
 .text.EDMA_ClearErrorIntStatusFlag
                0x01006278       0x12 ./SDK/platform/drivers/src/edma/edma_hw_access.o
                0x01006278                EDMA_ClearErrorIntStatusFlag
 *fill*         0x0100628a        0x2 
 .text.EDMA_SetDmaRequestCmd
                0x0100628c       0x12 ./SDK/platform/drivers/src/edma/edma_hw_access.o
                0x0100628c                EDMA_SetDmaRequestCmd
 *fill*         0x0100629e        0x2 
 .text.EDMA_ClearDoneStatusFlag
                0x010062a0       0x12 ./SDK/platform/drivers/src/edma/edma_hw_access.o
                0x010062a0                EDMA_ClearDoneStatusFlag
 *fill*         0x010062b2        0x2 
 .text.EDMA_ClearIntStatusFlag
                0x010062b4       0x12 ./SDK/platform/drivers/src/edma/edma_hw_access.o
                0x010062b4                EDMA_ClearIntStatusFlag
 *fill*         0x010062c6        0x2 
 .text.EDMA_SetMinorLoopMappingCmd
                0x010062c8       0x14 ./SDK/platform/drivers/src/edma/edma_hw_access.o
                0x010062c8                EDMA_SetMinorLoopMappingCmd
 .text.EDMA_TCDClearReg
                0x010062dc       0x34 ./SDK/platform/drivers/src/edma/edma_hw_access.o
                0x010062dc                EDMA_TCDClearReg
 .text.EDMA_TCDSetSrcAddr
                0x01006310       0x18 ./SDK/platform/drivers/src/edma/edma_hw_access.o
                0x01006310                EDMA_TCDSetSrcAddr
 .text.EDMA_TCDSetSrcOffset
                0x01006328       0x1e ./SDK/platform/drivers/src/edma/edma_hw_access.o
                0x01006328                EDMA_TCDSetSrcOffset
 *fill*         0x01006346        0x2 
 .text.EDMA_TCDSetAttribute
                0x01006348       0x30 ./SDK/platform/drivers/src/edma/edma_hw_access.o
                0x01006348                EDMA_TCDSetAttribute
 .text.EDMA_TCDSetNbytes
                0x01006378       0x54 ./SDK/platform/drivers/src/edma/edma_hw_access.o
                0x01006378                EDMA_TCDSetNbytes
 .text.EDMA_TCDSetDestAddr
                0x010063cc       0x18 ./SDK/platform/drivers/src/edma/edma_hw_access.o
                0x010063cc                EDMA_TCDSetDestAddr
 .text.EDMA_TCDSetDestOffset
                0x010063e4       0x1c ./SDK/platform/drivers/src/edma/edma_hw_access.o
                0x010063e4                EDMA_TCDSetDestOffset
 .text.EDMA_TCDSetDisableDmaRequestAfterTCDDoneCmd
                0x01006400       0x34 ./SDK/platform/drivers/src/edma/edma_hw_access.o
                0x01006400                EDMA_TCDSetDisableDmaRequestAfterTCDDoneCmd
 .text.EDMA_TCDSetMajorCompleteIntCmd
                0x01006434       0x34 ./SDK/platform/drivers/src/edma/edma_hw_access.o
                0x01006434                EDMA_TCDSetMajorCompleteIntCmd
 .text.EDMA_TCDSetMajorCount
                0x01006468       0x72 ./SDK/platform/drivers/src/edma/edma_hw_access.o
                0x01006468                EDMA_TCDSetMajorCount
 *fill*         0x010064da        0x2 
 .text.DMA0_Ch0_IRQHandler
                0x010064dc       0x16 ./SDK/platform/drivers/src/edma/edma_irq.o
                0x010064dc                DMA0_Ch0_IRQHandler
 *fill*         0x010064f2        0x2 
 .text.DMA0_Ch1_IRQHandler
                0x010064f4       0x16 ./SDK/platform/drivers/src/edma/edma_irq.o
                0x010064f4                DMA0_Ch1_IRQHandler
 *fill*         0x0100650a        0x2 
 .text.DMA0_Ch2_IRQHandler
                0x0100650c       0x16 ./SDK/platform/drivers/src/edma/edma_irq.o
                0x0100650c                DMA0_Ch2_IRQHandler
 *fill*         0x01006522        0x2 
 .text.DMA0_Ch3_IRQHandler
                0x01006524       0x16 ./SDK/platform/drivers/src/edma/edma_irq.o
                0x01006524                DMA0_Ch3_IRQHandler
 *fill*         0x0100653a        0x2 
 .text.DMA0_Ch4_IRQHandler
                0x0100653c       0x16 ./SDK/platform/drivers/src/edma/edma_irq.o
                0x0100653c                DMA0_Ch4_IRQHandler
 *fill*         0x01006552        0x2 
 .text.DMA0_Ch5_IRQHandler
                0x01006554       0x16 ./SDK/platform/drivers/src/edma/edma_irq.o
                0x01006554                DMA0_Ch5_IRQHandler
 *fill*         0x0100656a        0x2 
 .text.DMA0_Ch6_IRQHandler
                0x0100656c       0x16 ./SDK/platform/drivers/src/edma/edma_irq.o
                0x0100656c                DMA0_Ch6_IRQHandler
 *fill*         0x01006582        0x2 
 .text.DMA0_Ch7_IRQHandler
                0x01006584       0x16 ./SDK/platform/drivers/src/edma/edma_irq.o
                0x01006584                DMA0_Ch7_IRQHandler
 *fill*         0x0100659a        0x2 
 .text.DMA0_Ch8_IRQHandler
                0x0100659c       0x16 ./SDK/platform/drivers/src/edma/edma_irq.o
                0x0100659c                DMA0_Ch8_IRQHandler
 *fill*         0x010065b2        0x2 
 .text.DMA0_Ch9_IRQHandler
                0x010065b4       0x16 ./SDK/platform/drivers/src/edma/edma_irq.o
                0x010065b4                DMA0_Ch9_IRQHandler
 *fill*         0x010065ca        0x2 
 .text.DMA0_Ch10_IRQHandler
                0x010065cc       0x16 ./SDK/platform/drivers/src/edma/edma_irq.o
                0x010065cc                DMA0_Ch10_IRQHandler
 *fill*         0x010065e2        0x2 
 .text.DMA0_Ch11_IRQHandler
                0x010065e4       0x16 ./SDK/platform/drivers/src/edma/edma_irq.o
                0x010065e4                DMA0_Ch11_IRQHandler
 *fill*         0x010065fa        0x2 
 .text.DMA0_Ch12_IRQHandler
                0x010065fc       0x16 ./SDK/platform/drivers/src/edma/edma_irq.o
                0x010065fc                DMA0_Ch12_IRQHandler
 *fill*         0x01006612        0x2 
 .text.DMA0_Ch13_IRQHandler
                0x01006614       0x16 ./SDK/platform/drivers/src/edma/edma_irq.o
                0x01006614                DMA0_Ch13_IRQHandler
 *fill*         0x0100662a        0x2 
 .text.DMA0_Ch14_IRQHandler
                0x0100662c       0x16 ./SDK/platform/drivers/src/edma/edma_irq.o
                0x0100662c                DMA0_Ch14_IRQHandler
 *fill*         0x01006642        0x2 
 .text.DMA0_Ch15_IRQHandler
                0x01006644       0x16 ./SDK/platform/drivers/src/edma/edma_irq.o
                0x01006644                DMA0_Ch15_IRQHandler
 *fill*         0x0100665a        0x2 
 .text.DMA0_Ch16_IRQHandler
                0x0100665c       0x16 ./SDK/platform/drivers/src/edma/edma_irq.o
                0x0100665c                DMA0_Ch16_IRQHandler
 *fill*         0x01006672        0x2 
 .text.DMA0_Ch17_IRQHandler
                0x01006674       0x16 ./SDK/platform/drivers/src/edma/edma_irq.o
                0x01006674                DMA0_Ch17_IRQHandler
 *fill*         0x0100668a        0x2 
 .text.DMA0_Ch18_IRQHandler
                0x0100668c       0x16 ./SDK/platform/drivers/src/edma/edma_irq.o
                0x0100668c                DMA0_Ch18_IRQHandler
 *fill*         0x010066a2        0x2 
 .text.DMA0_Ch19_IRQHandler
                0x010066a4       0x16 ./SDK/platform/drivers/src/edma/edma_irq.o
                0x010066a4                DMA0_Ch19_IRQHandler
 *fill*         0x010066ba        0x2 
 .text.DMA0_Ch20_IRQHandler
                0x010066bc       0x16 ./SDK/platform/drivers/src/edma/edma_irq.o
                0x010066bc                DMA0_Ch20_IRQHandler
 *fill*         0x010066d2        0x2 
 .text.DMA0_Ch21_IRQHandler
                0x010066d4       0x16 ./SDK/platform/drivers/src/edma/edma_irq.o
                0x010066d4                DMA0_Ch21_IRQHandler
 *fill*         0x010066ea        0x2 
 .text.DMA0_Ch22_IRQHandler
                0x010066ec       0x16 ./SDK/platform/drivers/src/edma/edma_irq.o
                0x010066ec                DMA0_Ch22_IRQHandler
 *fill*         0x01006702        0x2 
 .text.DMA0_Ch23_IRQHandler
                0x01006704       0x16 ./SDK/platform/drivers/src/edma/edma_irq.o
                0x01006704                DMA0_Ch23_IRQHandler
 *fill*         0x0100671a        0x2 
 .text.DMA0_Ch24_IRQHandler
                0x0100671c       0x16 ./SDK/platform/drivers/src/edma/edma_irq.o
                0x0100671c                DMA0_Ch24_IRQHandler
 *fill*         0x01006732        0x2 
 .text.DMA0_Ch25_IRQHandler
                0x01006734       0x16 ./SDK/platform/drivers/src/edma/edma_irq.o
                0x01006734                DMA0_Ch25_IRQHandler
 *fill*         0x0100674a        0x2 
 .text.DMA0_Ch26_IRQHandler
                0x0100674c       0x16 ./SDK/platform/drivers/src/edma/edma_irq.o
                0x0100674c                DMA0_Ch26_IRQHandler
 *fill*         0x01006762        0x2 
 .text.DMA0_Ch27_IRQHandler
                0x01006764       0x16 ./SDK/platform/drivers/src/edma/edma_irq.o
                0x01006764                DMA0_Ch27_IRQHandler
 *fill*         0x0100677a        0x2 
 .text.DMA0_Ch28_IRQHandler
                0x0100677c       0x16 ./SDK/platform/drivers/src/edma/edma_irq.o
                0x0100677c                DMA0_Ch28_IRQHandler
 *fill*         0x01006792        0x2 
 .text.DMA0_Ch29_IRQHandler
                0x01006794       0x16 ./SDK/platform/drivers/src/edma/edma_irq.o
                0x01006794                DMA0_Ch29_IRQHandler
 *fill*         0x010067aa        0x2 
 .text.DMA0_Ch30_IRQHandler
                0x010067ac       0x16 ./SDK/platform/drivers/src/edma/edma_irq.o
                0x010067ac                DMA0_Ch30_IRQHandler
 *fill*         0x010067c2        0x2 
 .text.DMA0_Ch31_IRQHandler
                0x010067c4       0x16 ./SDK/platform/drivers/src/edma/edma_irq.o
                0x010067c4                DMA0_Ch31_IRQHandler
 *fill*         0x010067da        0x2 
 .text.DMA0_Ch0_Ch31_Error_IRQHandler
                0x010067dc       0x42 ./SDK/platform/drivers/src/edma/edma_irq.o
                0x010067dc                DMA0_Ch0_Ch31_Error_IRQHandler
 .text.FLEXCAN_SetTimeSegments
                0x0100681e       0x4e ./SDK/platform/drivers/src/flexcan/flexcan_driver.o
 .text.FLEXCAN_SetExtendedTimeSegments
                0x0100686c       0x56 ./SDK/platform/drivers/src/flexcan/flexcan_driver.o
 .text.FLEXCAN_SetFDTimeSegments
                0x010068c2       0x5c ./SDK/platform/drivers/src/flexcan/flexcan_driver.o
 .text.FLEXCAN_GetRxFifoIdFormat
                0x0100691e       0x2c ./SDK/platform/drivers/src/flexcan/flexcan_driver.o
 *fill*         0x0100694a        0x2 
 .text.FLEXCAN_GetMsgBuffIntStatusFlag
                0x0100694c       0x48 ./SDK/platform/drivers/src/flexcan/flexcan_driver.o
 .text.FLEXCAN_StartSendData
                0x01006994      0x102 ./SDK/platform/drivers/src/flexcan/flexcan_driver.o
 .text.FLEXCAN_StartRxMessageBufferData
                0x01006a96       0xa4 ./SDK/platform/drivers/src/flexcan/flexcan_driver.o
 *fill*         0x01006b3a        0x2 
 .text.FLEXCAN_CompleteRxMessageFifoData
                0x01006b3c       0xea ./SDK/platform/drivers/src/flexcan/flexcan_driver.o
 *fill*         0x01006c26        0x2 
 .text.FLEXCAN_CompleteRxFifoDataDMA
                0x01006c28       0x4c ./SDK/platform/drivers/src/flexcan/flexcan_driver.o
 .text.FLEXCAN_CompleteTransfer
                0x01006c74       0x64 ./SDK/platform/drivers/src/flexcan/flexcan_driver.o
 .text.FLEXCAN_StartRxMessageFifoData
                0x01006cd8      0x134 ./SDK/platform/drivers/src/flexcan/flexcan_driver.o
 .text.FLEXCAN_DRV_SetRxMaskType
                0x01006e0c       0x58 ./SDK/platform/drivers/src/flexcan/flexcan_driver.o
                0x01006e0c                FLEXCAN_DRV_SetRxMaskType
 .text.FLEXCAN_DRV_SetRxIndividualMask
                0x01006e64      0x158 ./SDK/platform/drivers/src/flexcan/flexcan_driver.o
                0x01006e64                FLEXCAN_DRV_SetRxIndividualMask
 .text.FLEXCAN_DRV_Init
                0x01006fbc      0x3d8 ./SDK/platform/drivers/src/flexcan/flexcan_driver.o
                0x01006fbc                FLEXCAN_DRV_Init
 .text.FLEXCAN_DRV_ConfigTxMb
                0x01007394       0x74 ./SDK/platform/drivers/src/flexcan/flexcan_driver.o
                0x01007394                FLEXCAN_DRV_ConfigTxMb
 .text.FLEXCAN_DRV_SendBlocking
                0x01007408      0x146 ./SDK/platform/drivers/src/flexcan/flexcan_driver.o
                0x01007408                FLEXCAN_DRV_SendBlocking
 *fill*         0x0100754e        0x2 
 .text.FLEXCAN_DRV_ConfigRxMb
                0x01007550       0xce ./SDK/platform/drivers/src/flexcan/flexcan_driver.o
                0x01007550                FLEXCAN_DRV_ConfigRxMb
 *fill*         0x0100761e        0x2 
 .text.FLEXCAN_DRV_ConfigRxFifo
                0x01007620       0x4e ./SDK/platform/drivers/src/flexcan/flexcan_driver.o
                0x01007620                FLEXCAN_DRV_ConfigRxFifo
 *fill*         0x0100766e        0x2 
 .text.FLEXCAN_DRV_Receive
                0x01007670       0x22 ./SDK/platform/drivers/src/flexcan/flexcan_driver.o
                0x01007670                FLEXCAN_DRV_Receive
 *fill*         0x01007692        0x2 
 .text.FLEXCAN_DRV_RxFifo
                0x01007694       0x22 ./SDK/platform/drivers/src/flexcan/flexcan_driver.o
                0x01007694                FLEXCAN_DRV_RxFifo
 *fill*         0x010076b6        0x2 
 .text.FLEXCAN_IRQHandler
                0x010076b8      0x2a6 ./SDK/platform/drivers/src/flexcan/flexcan_driver.o
                0x010076b8                FLEXCAN_IRQHandler
 *fill*         0x0100795e        0x2 
 .text.FLEXCAN_Error_IRQHandler
                0x01007960       0x52 ./SDK/platform/drivers/src/flexcan/flexcan_driver.o
                0x01007960                FLEXCAN_Error_IRQHandler
 *fill*         0x010079b2        0x2 
 .text.FLEXCAN_WakeUpHandler
                0x010079b4       0x9c ./SDK/platform/drivers/src/flexcan/flexcan_driver.o
                0x010079b4                FLEXCAN_WakeUpHandler
 .text.FLEXCAN_DRV_GetTransferStatus
                0x01007a50       0x3c ./SDK/platform/drivers/src/flexcan/flexcan_driver.o
                0x01007a50                FLEXCAN_DRV_GetTransferStatus
 .text.FLEXCAN_ComputePayloadSize
                0x01007a8c       0x4c ./SDK/platform/drivers/src/flexcan/flexcan_hw_access.o
 .text.FLEXCAN_GetRxFifoMask
                0x01007ad8       0x74 ./SDK/platform/drivers/src/flexcan/flexcan_hw_access.o
                0x01007ad8                FLEXCAN_GetRxFifoMask
 .text.FLEXCAN_GetMaxMbNum
                0x01007b4c       0x30 ./SDK/platform/drivers/src/flexcan/flexcan_hw_access.o
                0x01007b4c                FLEXCAN_GetMaxMbNum
 .text.FLEXCAN_Enable
                0x01007b7c       0x24 ./SDK/platform/drivers/src/flexcan/flexcan_hw_access.o
                0x01007b7c                FLEXCAN_Enable
 .text.FLEXCAN_Disable
                0x01007ba0       0x18 ./SDK/platform/drivers/src/flexcan/flexcan_hw_access.o
                0x01007ba0                FLEXCAN_Disable
 .text.FLEXCAN_Init
                0x01007bb8       0xbe ./SDK/platform/drivers/src/flexcan/flexcan_hw_access.o
                0x01007bb8                FLEXCAN_Init
 *fill*         0x01007c76        0x2 
 .text.FLEXCAN_EnableRxFifo
                0x01007c78       0x6c ./SDK/platform/drivers/src/flexcan/flexcan_hw_access.o
                0x01007c78                FLEXCAN_EnableRxFifo
 .text.FLEXCAN_SetRxFifoFilter
                0x01007ce4      0x238 ./SDK/platform/drivers/src/flexcan/flexcan_hw_access.o
                0x01007ce4                FLEXCAN_SetRxFifoFilter
 .text.FLEXCAN_SetMsgBuffIntCmd
                0x01007f1c       0xd0 ./SDK/platform/drivers/src/flexcan/flexcan_hw_access.o
                0x01007f1c                FLEXCAN_SetMsgBuffIntCmd
 .text.FLEXCAN_ExitFreezeMode
                0x01007fec       0x16 ./SDK/platform/drivers/src/flexcan/flexcan_hw_access.o
                0x01007fec                FLEXCAN_ExitFreezeMode
 *fill*         0x01008002        0x2 
 .text.FLEXCAN_EnterFreezeMode
                0x01008004       0x3c ./SDK/platform/drivers/src/flexcan/flexcan_hw_access.o
                0x01008004                FLEXCAN_EnterFreezeMode
 .text.FLEXCAN_ClearErrIntStatusFlag
                0x01008040       0x1e ./SDK/platform/drivers/src/flexcan/flexcan_hw_access.o
                0x01008040                FLEXCAN_ClearErrIntStatusFlag
 *fill*         0x0100805e        0x2 
 .text.FLEXCAN_ReadRxFifo
                0x01008060       0x8a ./SDK/platform/drivers/src/flexcan/flexcan_hw_access.o
                0x01008060                FLEXCAN_ReadRxFifo
 *fill*         0x010080ea        0x2 
 .text.FLEXCAN_SetOperationMode
                0x010080ec       0x70 ./SDK/platform/drivers/src/flexcan/flexcan_hw_access.o
                0x010080ec                FLEXCAN_SetOperationMode
 .text.FLEXCAN_SetPayloadSize
                0x0100815c       0x4a ./SDK/platform/drivers/src/flexcan/flexcan_hw_access.o
                0x0100815c                FLEXCAN_SetPayloadSize
 *fill*         0x010081a6        0x2 
 .text.FLEXCAN_GetPayloadSize
                0x010081a8       0x1e ./SDK/platform/drivers/src/flexcan/flexcan_hw_access.o
                0x010081a8                FLEXCAN_GetPayloadSize
 *fill*         0x010081c6        0x2 
 .text.FLEXCAN_GetMsgBuffRegion
                0x010081c8       0x50 ./SDK/platform/drivers/src/flexcan/flexcan_hw_access.o
                0x010081c8                FLEXCAN_GetMsgBuffRegion
 .text.FLEXCAN_AbortTxMsgBuff
                0x01008218       0x20 ./SDK/platform/drivers/src/flexcan/flexcan_hw_access.o
                0x01008218                FLEXCAN_AbortTxMsgBuff
 .text.FLEXCAN_SetRxMsgBuff
                0x01008238      0x100 ./SDK/platform/drivers/src/flexcan/flexcan_hw_access.o
                0x01008238                FLEXCAN_SetRxMsgBuff
 .text.FLEXCAN_LockRxMsgBuff
                0x01008338       0x16 ./SDK/platform/drivers/src/flexcan/flexcan_hw_access.o
                0x01008338                FLEXCAN_LockRxMsgBuff
 *fill*         0x0100834e        0x2 
 .text.FLEXCAN_SetTxMsgBuff
                0x01008350      0x1f0 ./SDK/platform/drivers/src/flexcan/flexcan_hw_access.o
                0x01008350                FLEXCAN_SetTxMsgBuff
 .text.FLEXCAN_GetMsgBuff
                0x01008540       0xc4 ./SDK/platform/drivers/src/flexcan/flexcan_hw_access.o
                0x01008540                FLEXCAN_GetMsgBuff
 .text.FLEXCAN_SetMaxMsgBuffNum
                0x01008604       0xf0 ./SDK/platform/drivers/src/flexcan/flexcan_hw_access.o
                0x01008604                FLEXCAN_SetMaxMsgBuffNum
 .text.CAN0_ORed_IRQHandler
                0x010086f4       0x16 ./SDK/platform/drivers/src/flexcan/flexcan_irq.o
                0x010086f4                CAN0_ORed_IRQHandler
 *fill*         0x0100870a        0x2 
 .text.CAN0_Error_IRQHandler
                0x0100870c       0x16 ./SDK/platform/drivers/src/flexcan/flexcan_irq.o
                0x0100870c                CAN0_Error_IRQHandler
 *fill*         0x01008722        0x2 
 .text.CAN0_Wake_Up_IRQHandler
                0x01008724       0x16 ./SDK/platform/drivers/src/flexcan/flexcan_irq.o
                0x01008724                CAN0_Wake_Up_IRQHandler
 *fill*         0x0100873a        0x2 
 .text.CAN0_ORed_00_03_MB_IRQHandler
                0x0100873c       0x16 ./SDK/platform/drivers/src/flexcan/flexcan_irq.o
                0x0100873c                CAN0_ORed_00_03_MB_IRQHandler
 *fill*         0x01008752        0x2 
 .text.CAN0_ORed_04_07_MB_IRQHandler
                0x01008754       0x16 ./SDK/platform/drivers/src/flexcan/flexcan_irq.o
                0x01008754                CAN0_ORed_04_07_MB_IRQHandler
 *fill*         0x0100876a        0x2 
 .text.CAN0_ORed_08_11_MB_IRQHandler
                0x0100876c       0x16 ./SDK/platform/drivers/src/flexcan/flexcan_irq.o
                0x0100876c                CAN0_ORed_08_11_MB_IRQHandler
 *fill*         0x01008782        0x2 
 .text.CAN0_ORed_12_15_MB_IRQHandler
                0x01008784       0x16 ./SDK/platform/drivers/src/flexcan/flexcan_irq.o
                0x01008784                CAN0_ORed_12_15_MB_IRQHandler
 *fill*         0x0100879a        0x2 
 .text.CAN0_ORed_16_31_MB_IRQHandler
                0x0100879c       0x16 ./SDK/platform/drivers/src/flexcan/flexcan_irq.o
                0x0100879c                CAN0_ORed_16_31_MB_IRQHandler
 *fill*         0x010087b2        0x2 
 .text.CAN0_ORed_32_63_MB_IRQHandler
                0x010087b4       0x16 ./SDK/platform/drivers/src/flexcan/flexcan_irq.o
                0x010087b4                CAN0_ORed_32_63_MB_IRQHandler
 *fill*         0x010087ca        0x2 
 .text.CAN0_ORed_64_95_MB_IRQHandler
                0x010087cc       0x16 ./SDK/platform/drivers/src/flexcan/flexcan_irq.o
                0x010087cc                CAN0_ORed_64_95_MB_IRQHandler
 *fill*         0x010087e2        0x2 
 .text.CAN1_ORed_IRQHandler
                0x010087e4       0x16 ./SDK/platform/drivers/src/flexcan/flexcan_irq.o
                0x010087e4                CAN1_ORed_IRQHandler
 *fill*         0x010087fa        0x2 
 .text.CAN1_Error_IRQHandler
                0x010087fc       0x16 ./SDK/platform/drivers/src/flexcan/flexcan_irq.o
                0x010087fc                CAN1_Error_IRQHandler
 *fill*         0x01008812        0x2 
 .text.CAN1_ORed_00_03_MB_IRQHandler
                0x01008814       0x16 ./SDK/platform/drivers/src/flexcan/flexcan_irq.o
                0x01008814                CAN1_ORed_00_03_MB_IRQHandler
 *fill*         0x0100882a        0x2 
 .text.CAN1_ORed_04_07_MB_IRQHandler
                0x0100882c       0x16 ./SDK/platform/drivers/src/flexcan/flexcan_irq.o
                0x0100882c                CAN1_ORed_04_07_MB_IRQHandler
 *fill*         0x01008842        0x2 
 .text.CAN1_ORed_08_11_MB_IRQHandler
                0x01008844       0x16 ./SDK/platform/drivers/src/flexcan/flexcan_irq.o
                0x01008844                CAN1_ORed_08_11_MB_IRQHandler
 *fill*         0x0100885a        0x2 
 .text.CAN1_ORed_12_15_MB_IRQHandler
                0x0100885c       0x16 ./SDK/platform/drivers/src/flexcan/flexcan_irq.o
                0x0100885c                CAN1_ORed_12_15_MB_IRQHandler
 *fill*         0x01008872        0x2 
 .text.CAN1_ORed_16_31_MB_IRQHandler
                0x01008874       0x16 ./SDK/platform/drivers/src/flexcan/flexcan_irq.o
                0x01008874                CAN1_ORed_16_31_MB_IRQHandler
 *fill*         0x0100888a        0x2 
 .text.CAN1_ORed_32_63_MB_IRQHandler
                0x0100888c       0x16 ./SDK/platform/drivers/src/flexcan/flexcan_irq.o
                0x0100888c                CAN1_ORed_32_63_MB_IRQHandler
 *fill*         0x010088a2        0x2 
 .text.CAN1_ORed_64_95_MB_IRQHandler
                0x010088a4       0x16 ./SDK/platform/drivers/src/flexcan/flexcan_irq.o
                0x010088a4                CAN1_ORed_64_95_MB_IRQHandler
 *fill*         0x010088ba        0x2 
 .text.CAN2_ORed_IRQHandler
                0x010088bc       0x16 ./SDK/platform/drivers/src/flexcan/flexcan_irq.o
                0x010088bc                CAN2_ORed_IRQHandler
 *fill*         0x010088d2        0x2 
 .text.CAN2_Error_IRQHandler
                0x010088d4       0x16 ./SDK/platform/drivers/src/flexcan/flexcan_irq.o
                0x010088d4                CAN2_Error_IRQHandler
 *fill*         0x010088ea        0x2 
 .text.CAN2_ORed_00_03_MB_IRQHandler
                0x010088ec       0x16 ./SDK/platform/drivers/src/flexcan/flexcan_irq.o
                0x010088ec                CAN2_ORed_00_03_MB_IRQHandler
 *fill*         0x01008902        0x2 
 .text.CAN2_ORed_04_07_MB_IRQHandler
                0x01008904       0x16 ./SDK/platform/drivers/src/flexcan/flexcan_irq.o
                0x01008904                CAN2_ORed_04_07_MB_IRQHandler
 *fill*         0x0100891a        0x2 
 .text.CAN2_ORed_08_11_MB_IRQHandler
                0x0100891c       0x16 ./SDK/platform/drivers/src/flexcan/flexcan_irq.o
                0x0100891c                CAN2_ORed_08_11_MB_IRQHandler
 *fill*         0x01008932        0x2 
 .text.CAN2_ORed_12_15_MB_IRQHandler
                0x01008934       0x16 ./SDK/platform/drivers/src/flexcan/flexcan_irq.o
                0x01008934                CAN2_ORed_12_15_MB_IRQHandler
 *fill*         0x0100894a        0x2 
 .text.CAN2_ORed_16_31_MB_IRQHandler
                0x0100894c       0x16 ./SDK/platform/drivers/src/flexcan/flexcan_irq.o
                0x0100894c                CAN2_ORed_16_31_MB_IRQHandler
 *fill*         0x01008962        0x2 
 .text.CAN2_ORed_32_63_MB_IRQHandler
                0x01008964       0x16 ./SDK/platform/drivers/src/flexcan/flexcan_irq.o
                0x01008964                CAN2_ORed_32_63_MB_IRQHandler
 *fill*         0x0100897a        0x2 
 .text.CAN2_ORed_64_95_MB_IRQHandler
                0x0100897c       0x16 ./SDK/platform/drivers/src/flexcan/flexcan_irq.o
                0x0100897c                CAN2_ORed_64_95_MB_IRQHandler
 *fill*         0x01008992        0x2 
 .text.CAN3_ORed_IRQHandler
                0x01008994       0x16 ./SDK/platform/drivers/src/flexcan/flexcan_irq.o
                0x01008994                CAN3_ORed_IRQHandler
 *fill*         0x010089aa        0x2 
 .text.CAN3_Error_IRQHandler
                0x010089ac       0x16 ./SDK/platform/drivers/src/flexcan/flexcan_irq.o
                0x010089ac                CAN3_Error_IRQHandler
 *fill*         0x010089c2        0x2 
 .text.CAN3_ORed_00_03_MB_IRQHandler
                0x010089c4       0x16 ./SDK/platform/drivers/src/flexcan/flexcan_irq.o
                0x010089c4                CAN3_ORed_00_03_MB_IRQHandler
 *fill*         0x010089da        0x2 
 .text.CAN3_ORed_04_07_MB_IRQHandler
                0x010089dc       0x16 ./SDK/platform/drivers/src/flexcan/flexcan_irq.o
                0x010089dc                CAN3_ORed_04_07_MB_IRQHandler
 *fill*         0x010089f2        0x2 
 .text.CAN3_ORed_08_11_MB_IRQHandler
                0x010089f4       0x16 ./SDK/platform/drivers/src/flexcan/flexcan_irq.o
                0x010089f4                CAN3_ORed_08_11_MB_IRQHandler
 *fill*         0x01008a0a        0x2 
 .text.CAN3_ORed_12_15_MB_IRQHandler
                0x01008a0c       0x16 ./SDK/platform/drivers/src/flexcan/flexcan_irq.o
                0x01008a0c                CAN3_ORed_12_15_MB_IRQHandler
 *fill*         0x01008a22        0x2 
 .text.CAN3_ORed_16_31_MB_IRQHandler
                0x01008a24       0x16 ./SDK/platform/drivers/src/flexcan/flexcan_irq.o
                0x01008a24                CAN3_ORed_16_31_MB_IRQHandler
 *fill*         0x01008a3a        0x2 
 .text.CAN3_ORed_32_63_MB_IRQHandler
                0x01008a3c       0x16 ./SDK/platform/drivers/src/flexcan/flexcan_irq.o
                0x01008a3c                CAN3_ORed_32_63_MB_IRQHandler
 *fill*         0x01008a52        0x2 
 .text.CAN3_ORed_64_95_MB_IRQHandler
                0x01008a54       0x16 ./SDK/platform/drivers/src/flexcan/flexcan_irq.o
                0x01008a54                CAN3_ORed_64_95_MB_IRQHandler
 *fill*         0x01008a6a        0x2 
 .text.CAN4_ORed_IRQHandler
                0x01008a6c       0x16 ./SDK/platform/drivers/src/flexcan/flexcan_irq.o
                0x01008a6c                CAN4_ORed_IRQHandler
 *fill*         0x01008a82        0x2 
 .text.CAN4_Error_IRQHandler
                0x01008a84       0x16 ./SDK/platform/drivers/src/flexcan/flexcan_irq.o
                0x01008a84                CAN4_Error_IRQHandler
 *fill*         0x01008a9a        0x2 
 .text.CAN4_ORed_00_03_MB_IRQHandler
                0x01008a9c       0x16 ./SDK/platform/drivers/src/flexcan/flexcan_irq.o
                0x01008a9c                CAN4_ORed_00_03_MB_IRQHandler
 *fill*         0x01008ab2        0x2 
 .text.CAN4_ORed_04_07_MB_IRQHandler
                0x01008ab4       0x16 ./SDK/platform/drivers/src/flexcan/flexcan_irq.o
                0x01008ab4                CAN4_ORed_04_07_MB_IRQHandler
 *fill*         0x01008aca        0x2 
 .text.CAN4_ORed_08_11_MB_IRQHandler
                0x01008acc       0x16 ./SDK/platform/drivers/src/flexcan/flexcan_irq.o
                0x01008acc                CAN4_ORed_08_11_MB_IRQHandler
 *fill*         0x01008ae2        0x2 
 .text.CAN4_ORed_12_15_MB_IRQHandler
                0x01008ae4       0x16 ./SDK/platform/drivers/src/flexcan/flexcan_irq.o
                0x01008ae4                CAN4_ORed_12_15_MB_IRQHandler
 *fill*         0x01008afa        0x2 
 .text.CAN4_ORed_16_31_MB_IRQHandler
                0x01008afc       0x16 ./SDK/platform/drivers/src/flexcan/flexcan_irq.o
                0x01008afc                CAN4_ORed_16_31_MB_IRQHandler
 *fill*         0x01008b12        0x2 
 .text.CAN4_ORed_32_63_MB_IRQHandler
                0x01008b14       0x16 ./SDK/platform/drivers/src/flexcan/flexcan_irq.o
                0x01008b14                CAN4_ORed_32_63_MB_IRQHandler
 *fill*         0x01008b2a        0x2 
 .text.CAN4_ORed_64_95_MB_IRQHandler
                0x01008b2c       0x16 ./SDK/platform/drivers/src/flexcan/flexcan_irq.o
                0x01008b2c                CAN4_ORed_64_95_MB_IRQHandler
 *fill*         0x01008b42        0x2 
 .text.CAN5_ORed_IRQHandler
                0x01008b44       0x16 ./SDK/platform/drivers/src/flexcan/flexcan_irq.o
                0x01008b44                CAN5_ORed_IRQHandler
 *fill*         0x01008b5a        0x2 
 .text.CAN5_Error_IRQHandler
                0x01008b5c       0x16 ./SDK/platform/drivers/src/flexcan/flexcan_irq.o
                0x01008b5c                CAN5_Error_IRQHandler
 *fill*         0x01008b72        0x2 
 .text.CAN5_ORed_00_03_MB_IRQHandler
                0x01008b74       0x16 ./SDK/platform/drivers/src/flexcan/flexcan_irq.o
                0x01008b74                CAN5_ORed_00_03_MB_IRQHandler
 *fill*         0x01008b8a        0x2 
 .text.CAN5_ORed_04_07_MB_IRQHandler
                0x01008b8c       0x16 ./SDK/platform/drivers/src/flexcan/flexcan_irq.o
                0x01008b8c                CAN5_ORed_04_07_MB_IRQHandler
 *fill*         0x01008ba2        0x2 
 .text.CAN5_ORed_08_11_MB_IRQHandler
                0x01008ba4       0x16 ./SDK/platform/drivers/src/flexcan/flexcan_irq.o
                0x01008ba4                CAN5_ORed_08_11_MB_IRQHandler
 *fill*         0x01008bba        0x2 
 .text.CAN5_ORed_12_15_MB_IRQHandler
                0x01008bbc       0x16 ./SDK/platform/drivers/src/flexcan/flexcan_irq.o
                0x01008bbc                CAN5_ORed_12_15_MB_IRQHandler
 *fill*         0x01008bd2        0x2 
 .text.CAN5_ORed_16_31_MB_IRQHandler
                0x01008bd4       0x16 ./SDK/platform/drivers/src/flexcan/flexcan_irq.o
                0x01008bd4                CAN5_ORed_16_31_MB_IRQHandler
 *fill*         0x01008bea        0x2 
 .text.CAN5_ORed_32_63_MB_IRQHandler
                0x01008bec       0x16 ./SDK/platform/drivers/src/flexcan/flexcan_irq.o
                0x01008bec                CAN5_ORed_32_63_MB_IRQHandler
 *fill*         0x01008c02        0x2 
 .text.CAN5_ORed_64_95_MB_IRQHandler
                0x01008c04       0x16 ./SDK/platform/drivers/src/flexcan/flexcan_irq.o
                0x01008c04                CAN5_ORed_64_95_MB_IRQHandler
 *fill*         0x01008c1a        0x2 
 .text.CAN6_ORed_IRQHandler
                0x01008c1c       0x16 ./SDK/platform/drivers/src/flexcan/flexcan_irq.o
                0x01008c1c                CAN6_ORed_IRQHandler
 *fill*         0x01008c32        0x2 
 .text.CAN6_Error_IRQHandler
                0x01008c34       0x16 ./SDK/platform/drivers/src/flexcan/flexcan_irq.o
                0x01008c34                CAN6_Error_IRQHandler
 *fill*         0x01008c4a        0x2 
 .text.CAN6_ORed_00_03_MB_IRQHandler
                0x01008c4c       0x16 ./SDK/platform/drivers/src/flexcan/flexcan_irq.o
                0x01008c4c                CAN6_ORed_00_03_MB_IRQHandler
 *fill*         0x01008c62        0x2 
 .text.CAN6_ORed_04_07_MB_IRQHandler
                0x01008c64       0x16 ./SDK/platform/drivers/src/flexcan/flexcan_irq.o
                0x01008c64                CAN6_ORed_04_07_MB_IRQHandler
 *fill*         0x01008c7a        0x2 
 .text.CAN6_ORed_08_11_MB_IRQHandler
                0x01008c7c       0x16 ./SDK/platform/drivers/src/flexcan/flexcan_irq.o
                0x01008c7c                CAN6_ORed_08_11_MB_IRQHandler
 *fill*         0x01008c92        0x2 
 .text.CAN6_ORed_12_15_MB_IRQHandler
                0x01008c94       0x16 ./SDK/platform/drivers/src/flexcan/flexcan_irq.o
                0x01008c94                CAN6_ORed_12_15_MB_IRQHandler
 *fill*         0x01008caa        0x2 
 .text.CAN6_ORed_16_31_MB_IRQHandler
                0x01008cac       0x16 ./SDK/platform/drivers/src/flexcan/flexcan_irq.o
                0x01008cac                CAN6_ORed_16_31_MB_IRQHandler
 *fill*         0x01008cc2        0x2 
 .text.CAN6_ORed_32_63_MB_IRQHandler
                0x01008cc4       0x16 ./SDK/platform/drivers/src/flexcan/flexcan_irq.o
                0x01008cc4                CAN6_ORed_32_63_MB_IRQHandler
 *fill*         0x01008cda        0x2 
 .text.CAN6_ORed_64_95_MB_IRQHandler
                0x01008cdc       0x16 ./SDK/platform/drivers/src/flexcan/flexcan_irq.o
                0x01008cdc                CAN6_ORed_64_95_MB_IRQHandler
 *fill*         0x01008cf2        0x2 
 .text.CAN7_ORed_IRQHandler
                0x01008cf4       0x16 ./SDK/platform/drivers/src/flexcan/flexcan_irq.o
                0x01008cf4                CAN7_ORed_IRQHandler
 *fill*         0x01008d0a        0x2 
 .text.CAN7_Error_IRQHandler
                0x01008d0c       0x16 ./SDK/platform/drivers/src/flexcan/flexcan_irq.o
                0x01008d0c                CAN7_Error_IRQHandler
 *fill*         0x01008d22        0x2 
 .text.CAN7_ORed_00_03_MB_IRQHandler
                0x01008d24       0x16 ./SDK/platform/drivers/src/flexcan/flexcan_irq.o
                0x01008d24                CAN7_ORed_00_03_MB_IRQHandler
 *fill*         0x01008d3a        0x2 
 .text.CAN7_ORed_04_07_MB_IRQHandler
                0x01008d3c       0x16 ./SDK/platform/drivers/src/flexcan/flexcan_irq.o
                0x01008d3c                CAN7_ORed_04_07_MB_IRQHandler
 *fill*         0x01008d52        0x2 
 .text.CAN7_ORed_08_11_MB_IRQHandler
                0x01008d54       0x16 ./SDK/platform/drivers/src/flexcan/flexcan_irq.o
                0x01008d54                CAN7_ORed_08_11_MB_IRQHandler
 *fill*         0x01008d6a        0x2 
 .text.CAN7_ORed_12_15_MB_IRQHandler
                0x01008d6c       0x16 ./SDK/platform/drivers/src/flexcan/flexcan_irq.o
                0x01008d6c                CAN7_ORed_12_15_MB_IRQHandler
 *fill*         0x01008d82        0x2 
 .text.CAN7_ORed_16_31_MB_IRQHandler
                0x01008d84       0x16 ./SDK/platform/drivers/src/flexcan/flexcan_irq.o
                0x01008d84                CAN7_ORed_16_31_MB_IRQHandler
 *fill*         0x01008d9a        0x2 
 .text.CAN7_ORed_32_63_MB_IRQHandler
                0x01008d9c       0x16 ./SDK/platform/drivers/src/flexcan/flexcan_irq.o
                0x01008d9c                CAN7_ORed_32_63_MB_IRQHandler
 *fill*         0x01008db2        0x2 
 .text.CAN7_ORed_64_95_MB_IRQHandler
                0x01008db4       0x16 ./SDK/platform/drivers/src/flexcan/flexcan_irq.o
                0x01008db4                CAN7_ORed_64_95_MB_IRQHandler
 *fill*         0x01008dca        0x2 
 .text.INT_SYS_InstallHandler
                0x01008dcc       0x62 ./SDK/platform/drivers/src/interrupt/interrupt_manager_MPC57xx.o
                0x01008dcc                INT_SYS_InstallHandler
 *fill*         0x01008e2e        0x2 
 .text.INT_SYS_EnableIRQ
                0x01008e30       0x4c ./SDK/platform/drivers/src/interrupt/interrupt_manager_MPC57xx.o
                0x01008e30                INT_SYS_EnableIRQ
 .text.INT_SYS_EnableIRQGlobal
                0x01008e7c       0x26 ./SDK/platform/drivers/src/interrupt/interrupt_manager_MPC57xx.o
                0x01008e7c                INT_SYS_EnableIRQGlobal
 *fill*         0x01008ea2        0x2 
 .text.INT_SYS_DisableIRQGlobal
                0x01008ea4       0x10 ./SDK/platform/drivers/src/interrupt/interrupt_manager_MPC57xx.o
                0x01008ea4                INT_SYS_DisableIRQGlobal
 .text.INT_SYS_SetPriority
                0x01008eb4       0x50 ./SDK/platform/drivers/src/interrupt/interrupt_manager_MPC57xx.o
                0x01008eb4                INT_SYS_SetPriority
 .text.LINFLEXD_UART_DRV_PutData
                0x01008f04       0x84 ./SDK/platform/drivers/src/linflexd/linflexd_uart_driver.o
 .text.LINFLEXD_UART_DRV_StartSendUsingInterrupts
                0x01008f88       0x7c ./SDK/platform/drivers/src/linflexd/linflexd_uart_driver.o
 .text.LINFLEXD_UART_DRV_StartSendUsingDma
                0x01009004      0x10a ./SDK/platform/drivers/src/linflexd/linflexd_uart_driver.o
 *fill*         0x0100910e        0x2 
 .text.LINFLEXD_UART_DRV_CompleteSendUsingInterrupts
                0x01009110       0x62 ./SDK/platform/drivers/src/linflexd/linflexd_uart_driver.o
 *fill*         0x01009172        0x2 
 .text.LINFLEXD_UART_DRV_CompleteReceiveUsingInterrupts
                0x01009174       0x68 ./SDK/platform/drivers/src/linflexd/linflexd_uart_driver.o
 .text.LINFLEXD_UART_DRV_CompleteSendUsingDma
                0x010091dc       0xfa ./SDK/platform/drivers/src/linflexd/linflexd_uart_driver.o
 *fill*         0x010092d6        0x2 
 .text.LINFLEXD_UART_DRV_CompleteReceiveUsingDma
                0x010092d8      0x112 ./SDK/platform/drivers/src/linflexd/linflexd_uart_driver.o
 *fill*         0x010093ea        0x2 
 .text.LINFLEXD_UART_DRV_SetBaudRate
                0x010093ec      0x114 ./SDK/platform/drivers/src/linflexd/linflexd_uart_driver.o
                0x010093ec                LINFLEXD_UART_DRV_SetBaudRate
 .text.LINFLEXD_UART_DRV_InstallRxCallback
                0x01009500       0x22 ./SDK/platform/drivers/src/linflexd/linflexd_uart_driver.o
                0x01009500                LINFLEXD_UART_DRV_InstallRxCallback
 *fill*         0x01009522        0x2 
 .text.LINFLEXD_UART_DRV_InstallTxCallback
                0x01009524       0x22 ./SDK/platform/drivers/src/linflexd/linflexd_uart_driver.o
                0x01009524                LINFLEXD_UART_DRV_InstallTxCallback
 *fill*         0x01009546        0x2 
 .text.LINFLEXD_UART_DRV_Init
                0x01009548      0x2d0 ./SDK/platform/drivers/src/linflexd/linflexd_uart_driver.o
                0x01009548                LINFLEXD_UART_DRV_Init
 .text.LINFLEXD_UART_DRV_SendDataBlocking
                0x01009818       0xb8 ./SDK/platform/drivers/src/linflexd/linflexd_uart_driver.o
                0x01009818                LINFLEXD_UART_DRV_SendDataBlocking
 .text.LINFLEXD_UART_DRV_SetRxBuffer
                0x010098d0       0x56 ./SDK/platform/drivers/src/linflexd/linflexd_uart_driver.o
                0x010098d0                LINFLEXD_UART_DRV_SetRxBuffer
 *fill*         0x01009926        0x2 
 .text.LINFLEXD_UART_DRV_RxIRQHandler
                0x01009928       0xde ./SDK/platform/drivers/src/linflexd/linflexd_uart_driver.o
                0x01009928                LINFLEXD_UART_DRV_RxIRQHandler
 *fill*         0x01009a06        0x2 
 .text.LINFLEXD_UART_DRV_TxIRQHandler
                0x01009a08       0x92 ./SDK/platform/drivers/src/linflexd/linflexd_uart_driver.o
                0x01009a08                LINFLEXD_UART_DRV_TxIRQHandler
 *fill*         0x01009a9a        0x2 
 .text.LINFLEXD_UART_DRV_ErrIRQHandler
                0x01009a9c       0x8e ./SDK/platform/drivers/src/linflexd/linflexd_uart_driver.o
                0x01009a9c                LINFLEXD_UART_DRV_ErrIRQHandler
 *fill*         0x01009b2a        0x2 
 .text.LINFLEXD0_UART_RxIRQHandler
                0x01009b2c       0x16 ./SDK/platform/drivers/src/linflexd/linflexd_uart_irq.o
                0x01009b2c                LINFLEXD0_UART_RxIRQHandler
 *fill*         0x01009b42        0x2 
 .text.LINFLEXD1_UART_RxIRQHandler
                0x01009b44       0x16 ./SDK/platform/drivers/src/linflexd/linflexd_uart_irq.o
                0x01009b44                LINFLEXD1_UART_RxIRQHandler
 *fill*         0x01009b5a        0x2 
 .text.LINFLEXD2_UART_RxIRQHandler
                0x01009b5c       0x16 ./SDK/platform/drivers/src/linflexd/linflexd_uart_irq.o
                0x01009b5c                LINFLEXD2_UART_RxIRQHandler
 *fill*         0x01009b72        0x2 
 .text.LINFLEXD3_UART_RxIRQHandler
                0x01009b74       0x16 ./SDK/platform/drivers/src/linflexd/linflexd_uart_irq.o
                0x01009b74                LINFLEXD3_UART_RxIRQHandler
 *fill*         0x01009b8a        0x2 
 .text.LINFLEXD4_UART_RxIRQHandler
                0x01009b8c       0x16 ./SDK/platform/drivers/src/linflexd/linflexd_uart_irq.o
                0x01009b8c                LINFLEXD4_UART_RxIRQHandler
 *fill*         0x01009ba2        0x2 
 .text.LINFLEXD5_UART_RxIRQHandler
                0x01009ba4       0x16 ./SDK/platform/drivers/src/linflexd/linflexd_uart_irq.o
                0x01009ba4                LINFLEXD5_UART_RxIRQHandler
 *fill*         0x01009bba        0x2 
 .text.LINFLEXD6_UART_RxIRQHandler
                0x01009bbc       0x16 ./SDK/platform/drivers/src/linflexd/linflexd_uart_irq.o
                0x01009bbc                LINFLEXD6_UART_RxIRQHandler
 *fill*         0x01009bd2        0x2 
 .text.LINFLEXD7_UART_RxIRQHandler
                0x01009bd4       0x16 ./SDK/platform/drivers/src/linflexd/linflexd_uart_irq.o
                0x01009bd4                LINFLEXD7_UART_RxIRQHandler
 *fill*         0x01009bea        0x2 
 .text.LINFLEXD8_UART_RxIRQHandler
                0x01009bec       0x16 ./SDK/platform/drivers/src/linflexd/linflexd_uart_irq.o
                0x01009bec                LINFLEXD8_UART_RxIRQHandler
 *fill*         0x01009c02        0x2 
 .text.LINFLEXD9_UART_RxIRQHandler
                0x01009c04       0x16 ./SDK/platform/drivers/src/linflexd/linflexd_uart_irq.o
                0x01009c04                LINFLEXD9_UART_RxIRQHandler
 *fill*         0x01009c1a        0x2 
 .text.LINFLEXD10_UART_RxIRQHandler
                0x01009c1c       0x16 ./SDK/platform/drivers/src/linflexd/linflexd_uart_irq.o
                0x01009c1c                LINFLEXD10_UART_RxIRQHandler
 *fill*         0x01009c32        0x2 
 .text.LINFLEXD11_UART_RxIRQHandler
                0x01009c34       0x16 ./SDK/platform/drivers/src/linflexd/linflexd_uart_irq.o
                0x01009c34                LINFLEXD11_UART_RxIRQHandler
 *fill*         0x01009c4a        0x2 
 .text.LINFLEXD12_UART_RxIRQHandler
                0x01009c4c       0x16 ./SDK/platform/drivers/src/linflexd/linflexd_uart_irq.o
                0x01009c4c                LINFLEXD12_UART_RxIRQHandler
 *fill*         0x01009c62        0x2 
 .text.LINFLEXD13_UART_RxIRQHandler
                0x01009c64       0x16 ./SDK/platform/drivers/src/linflexd/linflexd_uart_irq.o
                0x01009c64                LINFLEXD13_UART_RxIRQHandler
 *fill*         0x01009c7a        0x2 
 .text.LINFLEXD14_UART_RxIRQHandler
                0x01009c7c       0x16 ./SDK/platform/drivers/src/linflexd/linflexd_uart_irq.o
                0x01009c7c                LINFLEXD14_UART_RxIRQHandler
 *fill*         0x01009c92        0x2 
 .text.LINFLEXD15_UART_RxIRQHandler
                0x01009c94       0x16 ./SDK/platform/drivers/src/linflexd/linflexd_uart_irq.o
                0x01009c94                LINFLEXD15_UART_RxIRQHandler
 *fill*         0x01009caa        0x2 
 .text.LINFLEXD16_UART_RxIRQHandler
                0x01009cac       0x16 ./SDK/platform/drivers/src/linflexd/linflexd_uart_irq.o
                0x01009cac                LINFLEXD16_UART_RxIRQHandler
 *fill*         0x01009cc2        0x2 
 .text.LINFLEXD17_UART_RxIRQHandler
                0x01009cc4       0x16 ./SDK/platform/drivers/src/linflexd/linflexd_uart_irq.o
                0x01009cc4                LINFLEXD17_UART_RxIRQHandler
 *fill*         0x01009cda        0x2 
 .text.LINFLEXD0_UART_TxIRQHandler
                0x01009cdc       0x16 ./SDK/platform/drivers/src/linflexd/linflexd_uart_irq.o
                0x01009cdc                LINFLEXD0_UART_TxIRQHandler
 *fill*         0x01009cf2        0x2 
 .text.LINFLEXD1_UART_TxIRQHandler
                0x01009cf4       0x16 ./SDK/platform/drivers/src/linflexd/linflexd_uart_irq.o
                0x01009cf4                LINFLEXD1_UART_TxIRQHandler
 *fill*         0x01009d0a        0x2 
 .text.LINFLEXD2_UART_TxIRQHandler
                0x01009d0c       0x16 ./SDK/platform/drivers/src/linflexd/linflexd_uart_irq.o
                0x01009d0c                LINFLEXD2_UART_TxIRQHandler
 *fill*         0x01009d22        0x2 
 .text.LINFLEXD3_UART_TxIRQHandler
                0x01009d24       0x16 ./SDK/platform/drivers/src/linflexd/linflexd_uart_irq.o
                0x01009d24                LINFLEXD3_UART_TxIRQHandler
 *fill*         0x01009d3a        0x2 
 .text.LINFLEXD4_UART_TxIRQHandler
                0x01009d3c       0x16 ./SDK/platform/drivers/src/linflexd/linflexd_uart_irq.o
                0x01009d3c                LINFLEXD4_UART_TxIRQHandler
 *fill*         0x01009d52        0x2 
 .text.LINFLEXD5_UART_TxIRQHandler
                0x01009d54       0x16 ./SDK/platform/drivers/src/linflexd/linflexd_uart_irq.o
                0x01009d54                LINFLEXD5_UART_TxIRQHandler
 *fill*         0x01009d6a        0x2 
 .text.LINFLEXD6_UART_TxIRQHandler
                0x01009d6c       0x16 ./SDK/platform/drivers/src/linflexd/linflexd_uart_irq.o
                0x01009d6c                LINFLEXD6_UART_TxIRQHandler
 *fill*         0x01009d82        0x2 
 .text.LINFLEXD7_UART_TxIRQHandler
                0x01009d84       0x16 ./SDK/platform/drivers/src/linflexd/linflexd_uart_irq.o
                0x01009d84                LINFLEXD7_UART_TxIRQHandler
 *fill*         0x01009d9a        0x2 
 .text.LINFLEXD8_UART_TxIRQHandler
                0x01009d9c       0x16 ./SDK/platform/drivers/src/linflexd/linflexd_uart_irq.o
                0x01009d9c                LINFLEXD8_UART_TxIRQHandler
 *fill*         0x01009db2        0x2 
 .text.LINFLEXD9_UART_TxIRQHandler
                0x01009db4       0x16 ./SDK/platform/drivers/src/linflexd/linflexd_uart_irq.o
                0x01009db4                LINFLEXD9_UART_TxIRQHandler
 *fill*         0x01009dca        0x2 
 .text.LINFLEXD10_UART_TxIRQHandler
                0x01009dcc       0x16 ./SDK/platform/drivers/src/linflexd/linflexd_uart_irq.o
                0x01009dcc                LINFLEXD10_UART_TxIRQHandler
 *fill*         0x01009de2        0x2 
 .text.LINFLEXD11_UART_TxIRQHandler
                0x01009de4       0x16 ./SDK/platform/drivers/src/linflexd/linflexd_uart_irq.o
                0x01009de4                LINFLEXD11_UART_TxIRQHandler
 *fill*         0x01009dfa        0x2 
 .text.LINFLEXD12_UART_TxIRQHandler
                0x01009dfc       0x16 ./SDK/platform/drivers/src/linflexd/linflexd_uart_irq.o
                0x01009dfc                LINFLEXD12_UART_TxIRQHandler
 *fill*         0x01009e12        0x2 
 .text.LINFLEXD13_UART_TxIRQHandler
                0x01009e14       0x16 ./SDK/platform/drivers/src/linflexd/linflexd_uart_irq.o
                0x01009e14                LINFLEXD13_UART_TxIRQHandler
 *fill*         0x01009e2a        0x2 
 .text.LINFLEXD14_UART_TxIRQHandler
                0x01009e2c       0x16 ./SDK/platform/drivers/src/linflexd/linflexd_uart_irq.o
                0x01009e2c                LINFLEXD14_UART_TxIRQHandler
 *fill*         0x01009e42        0x2 
 .text.LINFLEXD15_UART_TxIRQHandler
                0x01009e44       0x16 ./SDK/platform/drivers/src/linflexd/linflexd_uart_irq.o
                0x01009e44                LINFLEXD15_UART_TxIRQHandler
 *fill*         0x01009e5a        0x2 
 .text.LINFLEXD16_UART_TxIRQHandler
                0x01009e5c       0x16 ./SDK/platform/drivers/src/linflexd/linflexd_uart_irq.o
                0x01009e5c                LINFLEXD16_UART_TxIRQHandler
 *fill*         0x01009e72        0x2 
 .text.LINFLEXD17_UART_TxIRQHandler
                0x01009e74       0x16 ./SDK/platform/drivers/src/linflexd/linflexd_uart_irq.o
                0x01009e74                LINFLEXD17_UART_TxIRQHandler
 *fill*         0x01009e8a        0x2 
 .text.LINFLEXD0_UART_ErrIRQHandler
                0x01009e8c       0x16 ./SDK/platform/drivers/src/linflexd/linflexd_uart_irq.o
                0x01009e8c                LINFLEXD0_UART_ErrIRQHandler
 *fill*         0x01009ea2        0x2 
 .text.LINFLEXD1_UART_ErrIRQHandler
                0x01009ea4       0x16 ./SDK/platform/drivers/src/linflexd/linflexd_uart_irq.o
                0x01009ea4                LINFLEXD1_UART_ErrIRQHandler
 *fill*         0x01009eba        0x2 
 .text.LINFLEXD2_UART_ErrIRQHandler
                0x01009ebc       0x16 ./SDK/platform/drivers/src/linflexd/linflexd_uart_irq.o
                0x01009ebc                LINFLEXD2_UART_ErrIRQHandler
 *fill*         0x01009ed2        0x2 
 .text.LINFLEXD3_UART_ErrIRQHandler
                0x01009ed4       0x16 ./SDK/platform/drivers/src/linflexd/linflexd_uart_irq.o
                0x01009ed4                LINFLEXD3_UART_ErrIRQHandler
 *fill*         0x01009eea        0x2 
 .text.LINFLEXD4_UART_ErrIRQHandler
                0x01009eec       0x16 ./SDK/platform/drivers/src/linflexd/linflexd_uart_irq.o
                0x01009eec                LINFLEXD4_UART_ErrIRQHandler
 *fill*         0x01009f02        0x2 
 .text.LINFLEXD5_UART_ErrIRQHandler
                0x01009f04       0x16 ./SDK/platform/drivers/src/linflexd/linflexd_uart_irq.o
                0x01009f04                LINFLEXD5_UART_ErrIRQHandler
 *fill*         0x01009f1a        0x2 
 .text.LINFLEXD6_UART_ErrIRQHandler
                0x01009f1c       0x16 ./SDK/platform/drivers/src/linflexd/linflexd_uart_irq.o
                0x01009f1c                LINFLEXD6_UART_ErrIRQHandler
 *fill*         0x01009f32        0x2 
 .text.LINFLEXD7_UART_ErrIRQHandler
                0x01009f34       0x16 ./SDK/platform/drivers/src/linflexd/linflexd_uart_irq.o
                0x01009f34                LINFLEXD7_UART_ErrIRQHandler
 *fill*         0x01009f4a        0x2 
 .text.LINFLEXD8_UART_ErrIRQHandler
                0x01009f4c       0x16 ./SDK/platform/drivers/src/linflexd/linflexd_uart_irq.o
                0x01009f4c                LINFLEXD8_UART_ErrIRQHandler
 *fill*         0x01009f62        0x2 
 .text.LINFLEXD9_UART_ErrIRQHandler
                0x01009f64       0x16 ./SDK/platform/drivers/src/linflexd/linflexd_uart_irq.o
                0x01009f64                LINFLEXD9_UART_ErrIRQHandler
 *fill*         0x01009f7a        0x2 
 .text.LINFLEXD10_UART_ErrIRQHandler
                0x01009f7c       0x16 ./SDK/platform/drivers/src/linflexd/linflexd_uart_irq.o
                0x01009f7c                LINFLEXD10_UART_ErrIRQHandler
 *fill*         0x01009f92        0x2 
 .text.LINFLEXD11_UART_ErrIRQHandler
                0x01009f94       0x16 ./SDK/platform/drivers/src/linflexd/linflexd_uart_irq.o
                0x01009f94                LINFLEXD11_UART_ErrIRQHandler
 *fill*         0x01009faa        0x2 
 .text.LINFLEXD12_UART_ErrIRQHandler
                0x01009fac       0x16 ./SDK/platform/drivers/src/linflexd/linflexd_uart_irq.o
                0x01009fac                LINFLEXD12_UART_ErrIRQHandler
 *fill*         0x01009fc2        0x2 
 .text.LINFLEXD13_UART_ErrIRQHandler
                0x01009fc4       0x16 ./SDK/platform/drivers/src/linflexd/linflexd_uart_irq.o
                0x01009fc4                LINFLEXD13_UART_ErrIRQHandler
 *fill*         0x01009fda        0x2 
 .text.LINFLEXD14_UART_ErrIRQHandler
                0x01009fdc       0x16 ./SDK/platform/drivers/src/linflexd/linflexd_uart_irq.o
                0x01009fdc                LINFLEXD14_UART_ErrIRQHandler
 *fill*         0x01009ff2        0x2 
 .text.LINFLEXD15_UART_ErrIRQHandler
                0x01009ff4       0x16 ./SDK/platform/drivers/src/linflexd/linflexd_uart_irq.o
                0x01009ff4                LINFLEXD15_UART_ErrIRQHandler
 *fill*         0x0100a00a        0x2 
 .text.LINFLEXD16_UART_ErrIRQHandler
                0x0100a00c       0x16 ./SDK/platform/drivers/src/linflexd/linflexd_uart_irq.o
                0x0100a00c                LINFLEXD16_UART_ErrIRQHandler
 *fill*         0x0100a022        0x2 
 .text.LINFLEXD17_UART_ErrIRQHandler
                0x0100a024       0x16 ./SDK/platform/drivers/src/linflexd/linflexd_uart_irq.o
                0x0100a024                LINFLEXD17_UART_ErrIRQHandler
 *fill*         0x0100a03a        0x2 
 .text.PINS_DRV_Init
                0x0100a03c       0x38 ./SDK/platform/drivers/src/pins/siul2/pins_siul2_driver.o
                0x0100a03c                PINS_DRV_Init
 .text.PINS_DRV_SetPins
                0x0100a074       0x58 ./SDK/platform/drivers/src/pins/siul2/pins_siul2_driver.o
                0x0100a074                PINS_DRV_SetPins
 .text.PINS_DRV_ClearPins
                0x0100a0cc       0x5a ./SDK/platform/drivers/src/pins/siul2/pins_siul2_driver.o
                0x0100a0cc                PINS_DRV_ClearPins
 *fill*         0x0100a126        0x2 
 .text.PINS_Init
                0x0100a128      0x1a6 ./SDK/platform/drivers/src/pins/siul2/siul2_hw_access.o
                0x0100a128                PINS_Init
 *fill*         0x0100a2ce        0x2 
 .text.CAN_FindFlexCANState
                0x0100a2d0       0x1c ./SDK/platform/pal/src/can/can_pal.o
 .text.CAN_Init
                0x0100a2ec      0x16c ./SDK/platform/pal/src/can/can_pal.o
                0x0100a2ec                CAN_Init
 .text.CAN_ConfigTxBuff
                0x0100a458      0x118 ./SDK/platform/pal/src/can/can_pal.o
                0x0100a458                CAN_ConfigTxBuff
 .text.CAN_ConfigRxBuff
                0x0100a570      0x122 ./SDK/platform/pal/src/can/can_pal.o
                0x0100a570                CAN_ConfigRxBuff
 *fill*         0x0100a692        0x2 
 .text.CAN_SendBlocking
                0x0100a694      0x122 ./SDK/platform/pal/src/can/can_pal.o
                0x0100a694                CAN_SendBlocking
 *fill*         0x0100a7b6        0x2 
 .text.CAN_Receive
                0x0100a7b8       0xc6 ./SDK/platform/pal/src/can/can_pal.o
                0x0100a7b8                CAN_Receive
 *fill*         0x0100a87e        0x2 
 .text.CAN_SetRxFilter
                0x0100a880       0xac ./SDK/platform/pal/src/can/can_pal.o
                0x0100a880                CAN_SetRxFilter
 .text.CAN_GetTransferStatus
                0x0100a92c       0x98 ./SDK/platform/pal/src/can/can_pal.o
                0x0100a92c                CAN_GetTransferStatus
 .text.UART_Init
                0x0100a9c4      0x17c ./SDK/platform/pal/src/uart/uart_pal.o
                0x0100a9c4                UART_Init
 .text.UART_SendDataBlocking
                0x0100ab40       0x64 ./SDK/platform/pal/src/uart/uart_pal.o
                0x0100ab40                UART_SendDataBlocking
 .text.UART_SetRxBuffer
                0x0100aba4       0x4a ./SDK/platform/pal/src/uart/uart_pal.o
                0x0100aba4                UART_SetRxBuffer
 *fill*         0x0100abee        0x2 
 .text.vListInitialise
                0x0100abf0       0x14 ./SDK/rtos/FreeRTOS_PA/Source/list.o
                0x0100abf0                vListInitialise
 .text.vListInitialiseItem
                0x0100ac04        0x6 ./SDK/rtos/FreeRTOS_PA/Source/list.o
                0x0100ac04                vListInitialiseItem
 *fill*         0x0100ac0a        0x2 
 .text.vListInsertEnd
                0x0100ac0c       0x18 ./SDK/rtos/FreeRTOS_PA/Source/list.o
                0x0100ac0c                vListInsertEnd
 .text.vListInsert
                0x0100ac24       0x34 ./SDK/rtos/FreeRTOS_PA/Source/list.o
                0x0100ac24                vListInsert
 .text.uxListRemove
                0x0100ac58       0x2a ./SDK/rtos/FreeRTOS_PA/Source/list.o
                0x0100ac58                uxListRemove
 *fill*         0x0100ac82        0x2 
 .text.prvIsQueueEmpty
                0x0100ac84       0x26 ./SDK/rtos/FreeRTOS_PA/Source/queue.o
 .text.prvCopyDataToQueue
                0x0100acaa       0xa0 ./SDK/rtos/FreeRTOS_PA/Source/queue.o
 .text.prvCopyDataFromQueue
                0x0100ad4a       0x36 ./SDK/rtos/FreeRTOS_PA/Source/queue.o
 .text.prvUnlockQueue
                0x0100ad80       0xba ./SDK/rtos/FreeRTOS_PA/Source/queue.o
 *fill*         0x0100ae3a        0x2 
 .text.xQueueGenericReset
                0x0100ae3c       0xb2 ./SDK/rtos/FreeRTOS_PA/Source/queue.o
                0x0100ae3c                xQueueGenericReset
 *fill*         0x0100aeee        0x2 
 .text.xQueueGenericCreate
                0x0100aef0       0x9c ./SDK/rtos/FreeRTOS_PA/Source/queue.o
                0x0100aef0                xQueueGenericCreate
 .text.xQueueCreateCountingSemaphore
                0x0100af8c       0x82 ./SDK/rtos/FreeRTOS_PA/Source/queue.o
                0x0100af8c                xQueueCreateCountingSemaphore
 *fill*         0x0100b00e        0x2 
 .text.xQueueGenericSend
                0x0100b010      0x220 ./SDK/rtos/FreeRTOS_PA/Source/queue.o
                0x0100b010                xQueueGenericSend
 .text.xQueueGenericSendFromISR
                0x0100b230      0x16a ./SDK/rtos/FreeRTOS_PA/Source/queue.o
                0x0100b230                xQueueGenericSendFromISR
 *fill*         0x0100b39a        0x2 
 .text.xQueueGiveFromISR
                0x0100b39c      0x15c ./SDK/rtos/FreeRTOS_PA/Source/queue.o
                0x0100b39c                xQueueGiveFromISR
 .text.xQueueReceive
                0x0100b4f8      0x1c8 ./SDK/rtos/FreeRTOS_PA/Source/queue.o
                0x0100b4f8                xQueueReceive
 .text.xQueueSemaphoreTake
                0x0100b6c0      0x238 ./SDK/rtos/FreeRTOS_PA/Source/queue.o
                0x0100b6c0                xQueueSemaphoreTake
 .text.vQueueDelete
                0x0100b8f8       0x42 ./SDK/rtos/FreeRTOS_PA/Source/queue.o
                0x0100b8f8                vQueueDelete
 *fill*         0x0100b93a        0x2 
 .text.vQueueWaitForMessageRestricted
                0x0100b93c       0x68 ./SDK/rtos/FreeRTOS_PA/Source/queue.o
                0x0100b93c                vQueueWaitForMessageRestricted
 .text.prvResetNextTaskUnblockTime
                0x0100b9a4       0x24 ./SDK/rtos/FreeRTOS_PA/Source/tasks.o
 .text.prvIdleTask
                0x0100b9c8       0x76 ./SDK/rtos/FreeRTOS_PA/Source/tasks.o
 *fill*         0x0100ba3e        0x2 
 .text.prvAddCurrentTaskToDelayedList
                0x0100ba40       0xb2 ./SDK/rtos/FreeRTOS_PA/Source/tasks.o
 *fill*         0x0100baf2        0x2 
 .text.xTaskCreate
                0x0100baf4      0x1fc ./SDK/rtos/FreeRTOS_PA/Source/tasks.o
                0x0100baf4                xTaskCreate
 .text.vTaskDelete
                0x0100bcf0      0x112 ./SDK/rtos/FreeRTOS_PA/Source/tasks.o
                0x0100bcf0                vTaskDelete
 *fill*         0x0100be02        0x2 
 .text.vTaskStartScheduler
                0x0100be04       0xae ./SDK/rtos/FreeRTOS_PA/Source/tasks.o
                0x0100be04                vTaskStartScheduler
 *fill*         0x0100beb2        0x2 
 .text.vTaskSuspendAll
                0x0100beb4        0xc ./SDK/rtos/FreeRTOS_PA/Source/tasks.o
                0x0100beb4                vTaskSuspendAll
 .text.xTaskGetTickCount
                0x0100bec0        0x6 ./SDK/rtos/FreeRTOS_PA/Source/tasks.o
                0x0100bec0                xTaskGetTickCount
 *fill*         0x0100bec6        0x2 
 .text.xTaskIncrementTick
                0x0100bec8      0x15e ./SDK/rtos/FreeRTOS_PA/Source/tasks.o
                0x0100bec8                xTaskIncrementTick
 *fill*         0x0100c026        0x2 
 .text.xTaskResumeAll
                0x0100c028      0x12a ./SDK/rtos/FreeRTOS_PA/Source/tasks.o
                0x0100c028                xTaskResumeAll
 *fill*         0x0100c152        0x2 
 .text.vTaskDelayUntil
                0x0100c154      0x104 ./SDK/rtos/FreeRTOS_PA/Source/tasks.o
                0x0100c154                vTaskDelayUntil
 .text.vTaskDelay
                0x0100c258       0x68 ./SDK/rtos/FreeRTOS_PA/Source/tasks.o
                0x0100c258                vTaskDelay
 .text.vTaskSwitchContext
                0x0100c2c0       0xc6 ./SDK/rtos/FreeRTOS_PA/Source/tasks.o
                0x0100c2c0                vTaskSwitchContext
 *fill*         0x0100c386        0x2 
 .text.vTaskPlaceOnEventList
                0x0100c388       0x56 ./SDK/rtos/FreeRTOS_PA/Source/tasks.o
                0x0100c388                vTaskPlaceOnEventList
 *fill*         0x0100c3de        0x2 
 .text.vTaskPlaceOnEventListRestricted
                0x0100c3e0       0x64 ./SDK/rtos/FreeRTOS_PA/Source/tasks.o
                0x0100c3e0                vTaskPlaceOnEventListRestricted
 .text.xTaskRemoveFromEventList
                0x0100c444       0xbe ./SDK/rtos/FreeRTOS_PA/Source/tasks.o
                0x0100c444                xTaskRemoveFromEventList
 *fill*         0x0100c502        0x2 
 .text.vTaskInternalSetTimeOutState
                0x0100c504        0xe ./SDK/rtos/FreeRTOS_PA/Source/tasks.o
                0x0100c504                vTaskInternalSetTimeOutState
 *fill*         0x0100c512        0x2 
 .text.xTaskCheckForTimeOut
                0x0100c514       0xe8 ./SDK/rtos/FreeRTOS_PA/Source/tasks.o
                0x0100c514                xTaskCheckForTimeOut
 .text.vTaskMissedYield
                0x0100c5fc        0x8 ./SDK/rtos/FreeRTOS_PA/Source/tasks.o
                0x0100c5fc                vTaskMissedYield
 .text.xTaskGetSchedulerState
                0x0100c604       0x1a ./SDK/rtos/FreeRTOS_PA/Source/tasks.o
                0x0100c604                xTaskGetSchedulerState
 *fill*         0x0100c61e        0x2 
 .text.xTaskPriorityInherit
                0x0100c620      0x100 ./SDK/rtos/FreeRTOS_PA/Source/tasks.o
                0x0100c620                xTaskPriorityInherit
 .text.xTaskPriorityDisinherit
                0x0100c720      0x126 ./SDK/rtos/FreeRTOS_PA/Source/tasks.o
                0x0100c720                xTaskPriorityDisinherit
 *fill*         0x0100c846        0x2 
 .text.vTaskPriorityDisinheritAfterTimeout
                0x0100c848      0x13a ./SDK/rtos/FreeRTOS_PA/Source/tasks.o
                0x0100c848                vTaskPriorityDisinheritAfterTimeout
 *fill*         0x0100c982        0x2 
 .text.pvTaskIncrementMutexHeldCount
                0x0100c984       0x1e ./SDK/rtos/FreeRTOS_PA/Source/tasks.o
                0x0100c984                pvTaskIncrementMutexHeldCount
 *fill*         0x0100c9a2        0x2 
 .text.prvInsertTimerInActiveList
                0x0100c9a4       0x56 ./SDK/rtos/FreeRTOS_PA/Source/timers.o
 *fill*         0x0100c9fa        0x2 
 .text.prvCheckForValidListAndQueue
                0x0100c9fc       0x5c ./SDK/rtos/FreeRTOS_PA/Source/timers.o
 .text.xTimerCreateTimerTask
                0x0100ca58       0x6a ./SDK/rtos/FreeRTOS_PA/Source/timers.o
                0x0100ca58                xTimerCreateTimerTask
 *fill*         0x0100cac2        0x2 
 .text.xTimerGenericCommand
                0x0100cac4       0xa0 ./SDK/rtos/FreeRTOS_PA/Source/timers.o
                0x0100cac4                xTimerGenericCommand
 .text.prvSampleTimeNow
                0x0100cb64       0xd2 ./SDK/rtos/FreeRTOS_PA/Source/timers.o
 *fill*         0x0100cc36        0x2 
 .text.prvTimerTask
                0x0100cc38      0x21e ./SDK/rtos/FreeRTOS_PA/Source/timers.o
 *fill*         0x0100ce56        0x2 
 .text.vPortTickISR
                0x0100ce58       0x7a ./SDK/rtos/FreeRTOS_PA/Source/portable/GCC/PowerPC/port.o
                0x0100ce58                vPortTickISR
 *fill*         0x0100ced2        0x2 
 .text.pxPortInitialiseStack
                0x0100ced4       0xf6 ./SDK/rtos/FreeRTOS_PA/Source/portable/GCC/PowerPC/port.o
                0x0100ced4                pxPortInitialiseStack
 *fill*         0x0100cfca        0x2 
 .text.xPortStartScheduler
                0x0100cfcc       0x26 ./SDK/rtos/FreeRTOS_PA/Source/portable/GCC/PowerPC/port.o
                0x0100cfcc                xPortStartScheduler